Archive member included to satisfy reference by file (symbol)

C:/ST/STM32CubeIDE_1.19.0/STM32CubeIDE/plugins/com.st.stm32cube.ide.mcu.externaltools.gnu-tools-for-stm32.13.3.rel1.win32_1.0.0.202411081344/tools/bin/../lib/gcc/arm-none-eabi/13.3.1/../../../../arm-none-eabi/lib/thumb/v7e-m+fp/hard\libc_nano.a(libc_a-exit.o)
                              C:/ST/STM32CubeIDE_1.19.0/STM32CubeIDE/plugins/com.st.stm32cube.ide.mcu.externaltools.gnu-tools-for-stm32.13.3.rel1.win32_1.0.0.202411081344/tools/bin/../lib/gcc/arm-none-eabi/13.3.1/../../../../arm-none-eabi/lib/thumb/v7e-m+fp/hard/crt0.o (exit)
C:/ST/STM32CubeIDE_1.19.0/STM32CubeIDE/plugins/com.st.stm32cube.ide.mcu.externaltools.gnu-tools-for-stm32.13.3.rel1.win32_1.0.0.202411081344/tools/bin/../lib/gcc/arm-none-eabi/13.3.1/../../../../arm-none-eabi/lib/thumb/v7e-m+fp/hard\libc_nano.a(libc_a-findfp.o)
                              ./Middlewares/Third_Party/FreeRTOS/Source/tasks.o (__sf)
C:/ST/STM32CubeIDE_1.19.0/STM32CubeIDE/plugins/com.st.stm32cube.ide.mcu.externaltools.gnu-tools-for-stm32.13.3.rel1.win32_1.0.0.202411081344/tools/bin/../lib/gcc/arm-none-eabi/13.3.1/../../../../arm-none-eabi/lib/thumb/v7e-m+fp/hard\libc_nano.a(libc_a-fwalk.o)
                              C:/ST/STM32CubeIDE_1.19.0/STM32CubeIDE/plugins/com.st.stm32cube.ide.mcu.externaltools.gnu-tools-for-stm32.13.3.rel1.win32_1.0.0.202411081344/tools/bin/../lib/gcc/arm-none-eabi/13.3.1/../../../../arm-none-eabi/lib/thumb/v7e-m+fp/hard\libc_nano.a(libc_a-findfp.o) (_fwalk_sglue)
C:/ST/STM32CubeIDE_1.19.0/STM32CubeIDE/plugins/com.st.stm32cube.ide.mcu.externaltools.gnu-tools-for-stm32.13.3.rel1.win32_1.0.0.202411081344/tools/bin/../lib/gcc/arm-none-eabi/13.3.1/../../../../arm-none-eabi/lib/thumb/v7e-m+fp/hard\libc_nano.a(libc_a-sprintf.o)
                              ./Core/Src/main.o (sprintf)
C:/ST/STM32CubeIDE_1.19.0/STM32CubeIDE/plugins/com.st.stm32cube.ide.mcu.externaltools.gnu-tools-for-stm32.13.3.rel1.win32_1.0.0.202411081344/tools/bin/../lib/gcc/arm-none-eabi/13.3.1/../../../../arm-none-eabi/lib/thumb/v7e-m+fp/hard\libc_nano.a(libc_a-stdio.o)
                              C:/ST/STM32CubeIDE_1.19.0/STM32CubeIDE/plugins/com.st.stm32cube.ide.mcu.externaltools.gnu-tools-for-stm32.13.3.rel1.win32_1.0.0.202411081344/tools/bin/../lib/gcc/arm-none-eabi/13.3.1/../../../../arm-none-eabi/lib/thumb/v7e-m+fp/hard\libc_nano.a(libc_a-findfp.o) (__sread)
C:/ST/STM32CubeIDE_1.19.0/STM32CubeIDE/plugins/com.st.stm32cube.ide.mcu.externaltools.gnu-tools-for-stm32.13.3.rel1.win32_1.0.0.202411081344/tools/bin/../lib/gcc/arm-none-eabi/13.3.1/../../../../arm-none-eabi/lib/thumb/v7e-m+fp/hard\libc_nano.a(libc_a-memset.o)
                              C:/ST/STM32CubeIDE_1.19.0/STM32CubeIDE/plugins/com.st.stm32cube.ide.mcu.externaltools.gnu-tools-for-stm32.13.3.rel1.win32_1.0.0.202411081344/tools/bin/../lib/gcc/arm-none-eabi/13.3.1/../../../../arm-none-eabi/lib/thumb/v7e-m+fp/hard/crt0.o (memset)
C:/ST/STM32CubeIDE_1.19.0/STM32CubeIDE/plugins/com.st.stm32cube.ide.mcu.externaltools.gnu-tools-for-stm32.13.3.rel1.win32_1.0.0.202411081344/tools/bin/../lib/gcc/arm-none-eabi/13.3.1/../../../../arm-none-eabi/lib/thumb/v7e-m+fp/hard\libc_nano.a(libc_a-closer.o)
                              C:/ST/STM32CubeIDE_1.19.0/STM32CubeIDE/plugins/com.st.stm32cube.ide.mcu.externaltools.gnu-tools-for-stm32.13.3.rel1.win32_1.0.0.202411081344/tools/bin/../lib/gcc/arm-none-eabi/13.3.1/../../../../arm-none-eabi/lib/thumb/v7e-m+fp/hard\libc_nano.a(libc_a-stdio.o) (_close_r)
C:/ST/STM32CubeIDE_1.19.0/STM32CubeIDE/plugins/com.st.stm32cube.ide.mcu.externaltools.gnu-tools-for-stm32.13.3.rel1.win32_1.0.0.202411081344/tools/bin/../lib/gcc/arm-none-eabi/13.3.1/../../../../arm-none-eabi/lib/thumb/v7e-m+fp/hard\libc_nano.a(libc_a-reent.o)
                              ./Middlewares/Third_Party/FreeRTOS/Source/tasks.o (_reclaim_reent)
C:/ST/STM32CubeIDE_1.19.0/STM32CubeIDE/plugins/com.st.stm32cube.ide.mcu.externaltools.gnu-tools-for-stm32.13.3.rel1.win32_1.0.0.202411081344/tools/bin/../lib/gcc/arm-none-eabi/13.3.1/../../../../arm-none-eabi/lib/thumb/v7e-m+fp/hard\libc_nano.a(libc_a-impure.o)
                              ./Middlewares/Third_Party/FreeRTOS/Source/tasks.o (_impure_ptr)
C:/ST/STM32CubeIDE_1.19.0/STM32CubeIDE/plugins/com.st.stm32cube.ide.mcu.externaltools.gnu-tools-for-stm32.13.3.rel1.win32_1.0.0.202411081344/tools/bin/../lib/gcc/arm-none-eabi/13.3.1/../../../../arm-none-eabi/lib/thumb/v7e-m+fp/hard\libc_nano.a(libc_a-lseekr.o)
                              C:/ST/STM32CubeIDE_1.19.0/STM32CubeIDE/plugins/com.st.stm32cube.ide.mcu.externaltools.gnu-tools-for-stm32.13.3.rel1.win32_1.0.0.202411081344/tools/bin/../lib/gcc/arm-none-eabi/13.3.1/../../../../arm-none-eabi/lib/thumb/v7e-m+fp/hard\libc_nano.a(libc_a-stdio.o) (_lseek_r)
[...]
Memory Configuration

Name             Origin             Length             Attributes
RAM              0x20000000         0x00020000         xrw
FLASH            0x08000000         0x00080000         xr
*default*        0x00000000         0xffffffff

Linker script and memory map

LOAD C:/ST/STM32CubeIDE_1.19.0/STM32CubeIDE/plugins/com.st.stm32cube.ide.mcu.externaltools.gnu-tools-for-stm32.13.3.rel1.win32_1.0.0.202411081344/tools/bin/../lib/gcc/arm-none-eabi/13.3.1/thumb/v7e-m+fp/hard/crti.o
LOAD C:/ST/STM32CubeIDE_1.19.0/STM32CubeIDE/plugins/com.st.stm32cube.ide.mcu.externaltools.gnu-tools-for-stm32.13.3.rel1.win32_1.0.0.202411081344/tools/bin/../lib/gcc/arm-none-eabi/13.3.1/thumb/v7e-m+fp/hard/crtbegin.o
LOAD C:/ST/STM32CubeIDE_1.19.0/STM32CubeIDE/plugins/com.st.stm32cube.ide.mcu.externaltools.gnu-tools-for-stm32.13.3.rel1.win32_1.0.0.202411081344/tools/bin/../lib/gcc/arm-none-eabi/13.3.1/../../../../arm-none-eabi/lib/thumb/v7e-m+fp/hard/crt0.o
LOAD ./Core/Src/freertos.o
LOAD ./Core/Src/main.o
LOAD ./Core/Src/stm32f4xx_hal_msp.o
LOAD ./Core/Src/stm32f4xx_hal_timebase_tim.o
LOAD ./Core/Src/stm32f4xx_it.o
LOAD ./Core/Src/syscalls.o
LOAD ./Core/Src/sysmem.o
LOAD ./Core/Src/system_stm32f4xx.o
LOAD ./Core/Startup/startup_stm32f446retx.o
LOAD ./Drivers/STM32F4xx_HAL_Driver/Src/liquidcrystal_i2c.o
LOAD ./Drivers/STM32F4xx_HAL_Driver/Src/stm32f4xx_hal.o
LOAD ./Drivers/STM32F4xx_HAL_Driver/Src/stm32f4xx_hal_cortex.o
LOAD ./Drivers/STM32F4xx_HAL_Driver/Src/stm32f4xx_hal_dma.o
LOAD ./Drivers/STM32F4xx_HAL_Driver/Src/stm32f4xx_hal_dma_ex.o
LOAD ./Drivers/STM32F4xx_HAL_Driver/Src/stm32f4xx_hal_exti.o
LOAD ./Drivers/STM32F4xx_HAL_Driver/Src/stm32f4xx_hal_flash.o
LOAD ./Drivers/STM32F4xx_HAL_Driver/Src/stm32f4xx_hal_flash_ex.o
LOAD ./Drivers/STM32F4xx_HAL_Driver/Src/stm32f4xx_hal_flash_ramfunc.o
LOAD ./Drivers/STM32F4xx_HAL_Driver/Src/stm32f4xx_hal_gpio.o
LOAD ./Drivers/STM32F4xx_HAL_Driver/Src/stm32f4xx_hal_i2c.o
LOAD ./Drivers/STM32F4xx_HAL_Driver/Src/stm32f4xx_hal_i2c_ex.o
LOAD ./Drivers/STM32F4xx_HAL_Driver/Src/stm32f4xx_hal_pwr.o
LOAD ./Drivers/STM32F4xx_HAL_Driver/Src/stm32f4xx_hal_pwr_ex.o
LOAD ./Drivers/STM32F4xx_HAL_Driver/Src/stm32f4xx_hal_rcc.o
LOAD ./Drivers/STM32F4xx_HAL_Driver/Src/stm32f4xx_hal_rcc_ex.o
LOAD ./Drivers/STM32F4xx_HAL_Driver/Src/stm32f4xx_hal_tim.o
LOAD ./Drivers/STM32F4xx_HAL_Driver/Src/stm32f4xx_hal_tim_ex.o
LOAD ./Drivers/STM32F4xx_HAL_Driver/Src/stm32f4xx_hal_uart.o
LOAD ./Middlewares/Third_Party/FreeRTOS/Source/CMSIS_RTOS_V2/cmsis_os2.o
LOAD ./Middlewares/Third_Party/FreeRTOS/Source/croutine.o
LOAD ./Middlewares/Third_Party/FreeRTOS/Source/event_groups.o
LOAD ./Middlewares/Third_Party/FreeRTOS/Source/list.o
LOAD ./Middlewares/Third_Party/FreeRTOS/Source/queue.o
LOAD ./Middlewares/Third_Party/FreeRTOS/Source/stream_buffer.o
LOAD ./Middlewares/Third_Party/FreeRTOS/Source/tasks.o
LOAD ./Middlewares/Third_Party/FreeRTOS/Source/timers.o
LOAD ./Middlewares/Third_Party/FreeRTOS/Source/portable/GCC/ARM_CM4F/port.o
LOAD ./Middlewares/Third_Party/FreeRTOS/Source/portable/MemMang/heap_4.o
START GROUP
LOAD C:/ST/STM32CubeIDE_1.19.0/STM32CubeIDE/plugins/com.st.stm32cube.ide.mcu.externaltools.gnu-tools-for-stm32.13.3.rel1.win32_1.0.0.202411081344/tools/bin/../lib/gcc/arm-none-eabi/13.3.1/../../../../arm-none-eabi/lib/thumb/v7e-m+fp/hard\libc_nano.a
LOAD C:/ST/STM32CubeIDE_1.19.0/STM32CubeIDE/plugins/com.st.stm32cube.ide.mcu.externaltools.gnu-tools-for-stm32.13.3.rel1.win32_1.0.0.202411081344/tools/bin/../lib/gcc/arm-none-eabi/13.3.1/../../../../arm-none-eabi/lib/thumb/v7e-m+fp/hard\libm.a
END GROUP
START GROUP
LOAD C:/ST/STM32CubeIDE_1.19.0/STM32CubeIDE/plugins/com.st.stm32cube.ide.mcu.externaltools.gnu-tools-for-stm32.13.3.rel1.win32_1.0.0.202411081344/tools/bin/../lib/gcc/arm-none-eabi/13.3.1/thumb/v7e-m+fp/hard\libgcc.a
LOAD C:/ST/STM32CubeIDE_1.19.0/STM32CubeIDE/plugins/com.st.stm32cube.ide.mcu.externaltools.gnu-tools-for-stm32.13.3.rel1.win32_1.0.0.202411081344/tools/bin/../lib/gcc/arm-none-eabi/13.3.1/../../../../arm-none-eabi/lib/thumb/v7e-m+fp/hard\libc_nano.a
END GROUP
START GROUP
LOAD C:/ST/STM32CubeIDE_1.19.0/STM32CubeIDE/plugins/com.st.stm32cube.ide.mcu.externaltools.gnu-tools-for-stm32.13.3.rel1.win32_1.0.0.202411081344/tools/bin/../lib/gcc/arm-none-eabi/13.3.1/thumb/v7e-m+fp/hard\libgcc.a
LOAD C:/ST/STM32CubeIDE_1.19.0/STM32CubeIDE/plugins/com.st.stm32cube.ide.mcu.externaltools.gnu-tools-for-stm32.13.3.rel1.win32_1.0.0.202411081344/tools/bin/../lib/gcc/arm-none-eabi/13.3.1/../../../../arm-none-eabi/lib/thumb/v7e-m+fp/hard\libc_nano.a
LOAD C:/ST/STM32CubeIDE_1.19.0/STM32CubeIDE/plugins/com.st.stm32cube.ide.mcu.externaltools.gnu-tools-for-stm32.13.3.rel1.win32_1.0.0.202411081344/tools/bin/../lib/gcc/arm-none-eabi/13.3.1/../../../../arm-none-eabi/lib/thumb/v7e-m+fp/hard\libnosys.a
END GROUP
START GROUP
LOAD C:/ST/STM32CubeIDE_1.19.0/STM32CubeIDE/plugins/com.st.stm32cube.ide.mcu.externaltools.gnu-tools-for-stm32.13.3.rel1.win32_1.0.0.202411081344/tools/bin/../lib/gcc/arm-none-eabi/13.3.1/thumb/v7e-m+fp/hard\libgcc.a
LOAD C:/ST/STM32CubeIDE_1.19.0/STM32CubeIDE/plugins/com.st.stm32cube.ide.mcu.externaltools.gnu-tools-for-stm32.13.3.rel1.win32_1.0.0.202411081344/tools/bin/../lib/gcc/arm-none-eabi/13.3.1/../../../../arm-none-eabi/lib/thumb/v7e-m+fp/hard\libc_nano.a
LOAD C:/ST/STM32CubeIDE_1.19.0/STM32CubeIDE/plugins/com.st.stm32cube.ide.mcu.externaltools.gnu-tools-for-stm32.13.3.rel1.win32_1.0.0.202411081344/tools/bin/../lib/gcc/arm-none-eabi/13.3.1/../../../../arm-none-eabi/lib/thumb/v7e-m+fp/hard\libnosys.a
END GROUP
LOAD C:/ST/STM32CubeIDE_1.19.0/STM32CubeIDE/plugins/com.st.stm32cube.ide.mcu.externaltools.gnu-tools-for-stm32.13.3.rel1.win32_1.0.0.202411081344/tools/bin/../lib/gcc/arm-none-eabi/13.3.1/thumb/v7e-m+fp/hard/crtend.o
LOAD C:/ST/STM32CubeIDE_1.19.0/STM32CubeIDE/plugins/com.st.stm32cube.ide.mcu.externaltools.gnu-tools-for-stm32.13.3.rel1.win32_1.0.0.202411081344/tools/bin/../lib/gcc/arm-none-eabi/13.3.1/thumb/v7e-m+fp/hard/crtn.o
                0x20020000                        _estack = (ORIGIN (RAM) + LENGTH (RAM))
                0x00000200                        _Min_Heap_Size = 0x200
                0x00000400                        _Min_Stack_Size = 0x400

.isr_vector     0x08000000      0x1c4
                0x08000000                        . = ALIGN (0x4)
 *(.isr_vector)
 .isr_vector    0x08000000      0x1c4 ./Core/Startup/startup_stm32f446retx.o
                0x08000000                g_pfnVectors
                0x080001c4                        . = ALIGN (0x4)

.text           0x080001d0     0x8b7c
                0x080001d0                        . = ALIGN (0x4)
 *(.text)
 .text          0x080001d0       0x40 C:/ST/STM32CubeIDE_1.19.0/STM32CubeIDE/plugins/com.st.stm32cube.ide.mcu.externaltools.gnu-tools-for-stm32.13.3.rel1.win32_1.0.0.202411081344/tools/bin/../lib/gcc/arm-none-eabi/13.3.1/thumb/v7e-m+fp/hard/crtbegin.o
 .text          0x08000210       0x14 C:/ST/STM32CubeIDE_1.19.0/STM32CubeIDE/plugins/com.st.stm32cube.ide.mcu.externaltools.gnu-tools-for-stm32.13.3.rel1.win32_1.0.0.202411081344/tools/bin/../lib/gcc/arm-none-eabi/13.3.1/../../../../arm-none-eabi/lib/thumb/v7e-m+fp/hard\libc_nano.a(libc_a-strcmp.o)
                0x08000210                strcmp
 .text          0x08000224       0x10 C:/ST/STM32CubeIDE_1.19.0/STM32CubeIDE/plugins/com.st.stm32cube.ide.mcu.externaltools.gnu-tools-for-stm32.13.3.rel1.win32_1.0.0.202411081344/tools/bin/../lib/gcc/arm-none-eabi/13.3.1/../../../../arm-none-eabi/lib/thumb/v7e-m+fp/hard\libc_nano.a(libc_a-strlen.o)
                0x08000224                strlen
 *fill*         0x08000234        0xc 
 .text          0x08000240       0xa0 C:/ST/STM32CubeIDE_1.19.0/STM32CubeIDE/plugins/com.st.stm32cube.ide.mcu.externaltools.gnu-tools-for-stm32.13.3.rel1.win32_1.0.0.202411081344/tools/bin/../lib/gcc/arm-none-eabi/13.3.1/../../../../arm-none-eabi/lib/thumb/v7e-m+fp/hard\libc_nano.a(libc_a-memchr.o)
                0x08000240                memchr
 .text          0x080002e0       0x30 C:/ST/STM32CubeIDE_1.19.0/STM32CubeIDE/plugins/com.st.stm32cube.ide.mcu.externaltools.gnu-tools-for-stm32.13.3.rel1.win32_1.0.0.202411081344/tools/bin/../lib/gcc/arm-none-eabi/13.3.1/thumb/v7e-m+fp/hard\libgcc.a(_aeabi_uldivmod.o)
                0x080002e0                __aeabi_uldivmod
 .text          0x08000310      0x2f8 C:/ST/STM32CubeIDE_1.19.0/STM32CubeIDE/plugins/com.st.stm32cube.ide.mcu.externaltools.gnu-tools-for-stm32.13.3.rel1.win32_1.0.0.202411081344/tools/bin/../lib/gcc/arm-none-eabi/13.3.1/thumb/v7e-m+fp/hard\libgcc.a(_udivmoddi4.o)
                0x08000310                __udivmoddi4
 .text          0x08000608        0x4 C:/ST/STM32CubeIDE_1.19.0/STM32CubeIDE/plugins/com.st.stm32cube.ide.mcu.externaltools.gnu-tools-for-stm32.13.3.rel1.win32_1.0.0.202411081344/tools/bin/../lib/gcc/arm-none-eabi/13.3.1/thumb/v7e-m+fp/hard\libgcc.a(_dvmd_tls.o)
                0x08000608                __aeabi_idiv0
                0x08000608                __aeabi_ldiv0
 *(.text*)
 .text.HAL_GPIO_EXTI_Callback
                0x0800060c       0x50 ./Core/Src/main.o
                0x0800060c                HAL_GPIO_EXTI_Callback
 .text.ASCIItoChar
                0x0800065c       0x18 ./Core/Src/main.o
                0x0800065c                ASCIItoChar
 .text.Write_to_Flash
                0x08000674       0x8a ./Core/Src/main.o
                0x08000674                Write_to_Flash
 *fill*         0x080006fe        0x2 
 .text.Read_from_Flash
                0x08000700       0x8c ./Core/Src/main.o
                0x08000700                Read_from_Flash
 .text.main     0x0800078c       0xf8 ./Core/Src/main.o
                0x0800078c                main
 .text.SystemClock_Config
                0x08000884       0xdc ./Core/Src/main.o
                0x08000884                SystemClock_Config
 .text.MX_I2C1_Init
                0x08000960       0x5c ./Core/Src/main.o
 .text.MX_USART2_UART_Init
                0x080009bc       0x54 ./Core/Src/main.o
 .text.MX_GPIO_Init
                0x08000a10      0x164 ./Core/Src/main.o
 .text.keyPressHandler
                0x08000b74       0xf0 ./Core/Src/main.o
                0x08000b74                keyPressHandler
 .text.readKeypadChar
                0x08000c64      0x244 ./Core/Src/main.o
                0x08000c64                readKeypadChar
 .text.StartUARTIptTask
                0x08000ea8       0x4c ./Core/Src/main.o
                0x08000ea8                StartUARTIptTask
 .text.Write_To_LCD
                0x08000ef4       0xa8 ./Core/Src/main.o
                0x08000ef4                Write_To_LCD
 .text.Clear_LCD_Line2Screen
                0x08000f9c       0x50 ./Core/Src/main.o
                0x08000f9c                Clear_LCD_Line2Screen
 .text.StartLCDLine2Task
                0x08000fec      0x214 ./Core/Src/main.o
                0x08000fec                StartLCDLine2Task
 .text.StartRED_LEDTask
                0x08001200       0x4c ./Core/Src/main.o
                0x08001200                StartRED_LEDTask
 .text.StartGreen_LEDTask
                0x0800124c       0x54 ./Core/Src/main.o
                0x0800124c                StartGreen_LEDTask
 .text.StartLCDLine1Task
                0x080012a0       0xb8 ./Core/Src/main.o
                0x080012a0                StartLCDLine1Task
 .text.StartResetPwordTask
                0x08001358       0x64 ./Core/Src/main.o
                0x08001358                StartResetPwordTask
 .text.HAL_TIM_PeriodElapsedCallback
                0x080013bc       0x24 ./Core/Src/main.o
                0x080013bc                HAL_TIM_PeriodElapsedCallback
 .text.Error_Handler
                0x080013e0        0xc ./Core/Src/main.o
                0x080013e0                Error_Handler
 .text.HAL_MspInit
                0x080013ec       0x58 ./Core/Src/stm32f4xx_hal_msp.o
                0x080013ec                HAL_MspInit
 .text.HAL_I2C_MspInit
                0x08001444       0x90 ./Core/Src/stm32f4xx_hal_msp.o
                0x08001444                HAL_I2C_MspInit
 .text.HAL_UART_MspInit
                0x080014d4       0x90 ./Core/Src/stm32f4xx_hal_msp.o
                0x080014d4                HAL_UART_MspInit
 .text.HAL_InitTick
                0x08001564       0xf8 ./Core/Src/stm32f4xx_hal_timebase_tim.o
                0x08001564                HAL_InitTick
 .text.NMI_Handler
                0x0800165c        0x8 ./Core/Src/stm32f4xx_it.o
                0x0800165c                NMI_Handler
 .text.HardFault_Handler
                0x08001664        0x8 ./Core/Src/stm32f4xx_it.o
                0x08001664                HardFault_Handler
 .text.MemManage_Handler
                0x0800166c        0x8 ./Core/Src/stm32f4xx_it.o
                0x0800166c                MemManage_Handler
 .text.BusFault_Handler
                0x08001674        0x8 ./Core/Src/stm32f4xx_it.o
                0x08001674                BusFault_Handler
 .text.UsageFault_Handler
                0x0800167c        0x8 ./Core/Src/stm32f4xx_it.o
                0x0800167c                UsageFault_Handler
 .text.DebugMon_Handler
                0x08001684        0xe ./Core/Src/stm32f4xx_it.o
                0x08001684                DebugMon_Handler
 .text.EXTI15_10_IRQHandler
                0x08001692       0x10 ./Core/Src/stm32f4xx_it.o
                0x08001692                EXTI15_10_IRQHandler
 *fill*         0x080016a2        0x2 
 .text.TIM6_DAC_IRQHandler
                0x080016a4       0x14 ./Core/Src/stm32f4xx_it.o
                0x080016a4                TIM6_DAC_IRQHandler
 .text._sbrk    0x080016b8       0x6c ./Core/Src/sysmem.o
                0x080016b8                _sbrk
 .text.SystemInit
                0x08001724       0x24 ./Core/Src/system_stm32f4xx.o
                0x08001724                SystemInit
 .text.Reset_Handler
                0x08001748       0x50 ./Core/Startup/startup_stm32f446retx.o
                0x08001748                Reset_Handler
 .text.Default_Handler
                0x08001798        0x2 ./Core/Startup/startup_stm32f446retx.o
                0x08001798                RTC_Alarm_IRQHandler
                0x08001798                EXTI2_IRQHandler
                0x08001798                TIM8_CC_IRQHandler
                0x08001798                FMPI2C1_EV_IRQHandler
                0x08001798                SPI4_IRQHandler
                0x08001798                TIM1_CC_IRQHandler
                0x08001798                DMA2_Stream5_IRQHandler
                0x08001798                DMA1_Stream5_IRQHandler
                0x08001798                PVD_IRQHandler
                0x08001798                SDIO_IRQHandler
                0x08001798                TAMP_STAMP_IRQHandler
                0x08001798                CAN2_RX1_IRQHandler
                0x08001798                EXTI3_IRQHandler
                0x08001798                TIM8_TRG_COM_TIM14_IRQHandler
                0x08001798                TIM1_UP_TIM10_IRQHandler
                0x08001798                TIM8_UP_TIM13_IRQHandler
                0x08001798                I2C3_ER_IRQHandler
                0x08001798                EXTI0_IRQHandler
                0x08001798                I2C2_EV_IRQHandler
                0x08001798                DMA1_Stream2_IRQHandler
                0x08001798                CAN1_RX0_IRQHandler
                0x08001798                FPU_IRQHandler
                0x08001798                OTG_HS_WKUP_IRQHandler
                0x08001798                CAN2_SCE_IRQHandler
                0x08001798                DMA2_Stream2_IRQHandler
                0x08001798                SPI1_IRQHandler
                0x08001798                TIM1_BRK_TIM9_IRQHandler
                0x08001798                DCMI_IRQHandler
                0x08001798                CAN2_RX0_IRQHandler
                0x08001798                DMA2_Stream3_IRQHandler
                0x08001798                SAI2_IRQHandler
                0x08001798                USART6_IRQHandler
                0x08001798                USART3_IRQHandler
                0x08001798                CAN1_RX1_IRQHandler
                0x08001798                UART5_IRQHandler
                0x08001798                DMA2_Stream0_IRQHandler
                0x08001798                TIM4_IRQHandler
                0x08001798                QUADSPI_IRQHandler
                0x08001798                I2C1_EV_IRQHandler
                0x08001798                DMA1_Stream6_IRQHandler
                0x08001798                DMA1_Stream1_IRQHandler
                0x08001798                UART4_IRQHandler
                0x08001798                TIM3_IRQHandler
                0x08001798                RCC_IRQHandler
                0x08001798                TIM8_BRK_TIM12_IRQHandler
                0x08001798                Default_Handler
                0x08001798                CEC_IRQHandler
                0x08001798                ADC_IRQHandler
                0x08001798                DMA1_Stream7_IRQHandler
                0x08001798                TIM7_IRQHandler
                0x08001798                CAN2_TX_IRQHandler
                0x08001798                TIM5_IRQHandler
                0x08001798                DMA2_Stream7_IRQHandler
                0x08001798                I2C3_EV_IRQHandler
                0x08001798                EXTI9_5_IRQHandler
                0x08001798                RTC_WKUP_IRQHandler
                0x08001798                SPDIF_RX_IRQHandler
                0x08001798                SPI2_IRQHandler
                0x08001798                OTG_HS_EP1_IN_IRQHandler
                0x08001798                DMA1_Stream0_IRQHandler
                0x08001798                CAN1_TX_IRQHandler
                0x08001798                FMPI2C1_ER_IRQHandler
                0x08001798                EXTI4_IRQHandler
                0x08001798                OTG_HS_EP1_OUT_IRQHandler
                0x08001798                WWDG_IRQHandler
                0x08001798                TIM2_IRQHandler
                0x08001798                OTG_FS_WKUP_IRQHandler
                0x08001798                TIM1_TRG_COM_TIM11_IRQHandler
                0x08001798                OTG_HS_IRQHandler
                0x08001798                EXTI1_IRQHandler
                0x08001798                USART2_IRQHandler
                0x08001798                I2C2_ER_IRQHandler
                0x08001798                DMA2_Stream1_IRQHandler
                0x08001798                CAN1_SCE_IRQHandler
                0x08001798                FLASH_IRQHandler
                0x08001798                DMA2_Stream4_IRQHandler
                0x08001798                USART1_IRQHandler
                0x08001798                OTG_FS_IRQHandler
                0x08001798                SPI3_IRQHandler
                0x08001798                DMA1_Stream4_IRQHandler
                0x08001798                I2C1_ER_IRQHandler
                0x08001798                FMC_IRQHandler
                0x08001798                DMA2_Stream6_IRQHandler
                0x08001798                SAI1_IRQHandler
                0x08001798                DMA1_Stream3_IRQHandler
 *fill*         0x0800179a        0x2 
 .text.HD44780_Init
                0x0800179c      0x108 ./Drivers/STM32F4xx_HAL_Driver/Src/liquidcrystal_i2c.o
                0x0800179c                HD44780_Init
 .text.HD44780_Clear
                0x080018a4       0x16 ./Drivers/STM32F4xx_HAL_Driver/Src/liquidcrystal_i2c.o
                0x080018a4                HD44780_Clear
 .text.HD44780_Home
                0x080018ba       0x16 ./Drivers/STM32F4xx_HAL_Driver/Src/liquidcrystal_i2c.o
                0x080018ba                HD44780_Home
 .text.HD44780_SetCursor
                0x080018d0       0x64 ./Drivers/STM32F4xx_HAL_Driver/Src/liquidcrystal_i2c.o
                0x080018d0                HD44780_SetCursor
 .text.HD44780_Display
                0x08001934       0x2c ./Drivers/STM32F4xx_HAL_Driver/Src/liquidcrystal_i2c.o
                0x08001934                HD44780_Display
 .text.HD44780_CreateSpecialChar
                0x08001960       0x54 ./Drivers/STM32F4xx_HAL_Driver/Src/liquidcrystal_i2c.o
                0x08001960                HD44780_CreateSpecialChar
 .text.HD44780_PrintStr
                0x080019b4       0x2a ./Drivers/STM32F4xx_HAL_Driver/Src/liquidcrystal_i2c.o
                0x080019b4                HD44780_PrintStr
 *fill*         0x080019de        0x2 
 .text.HD44780_Backlight
                0x080019e0       0x18 ./Drivers/STM32F4xx_HAL_Driver/Src/liquidcrystal_i2c.o
                0x080019e0                HD44780_Backlight
 .text.SendCommand
                0x080019f8       0x1c ./Drivers/STM32F4xx_HAL_Driver/Src/liquidcrystal_i2c.o
 .text.SendChar
                0x08001a14       0x1c ./Drivers/STM32F4xx_HAL_Driver/Src/liquidcrystal_i2c.o
 .text.Send     0x08001a30       0x42 ./Drivers/STM32F4xx_HAL_Driver/Src/liquidcrystal_i2c.o
 .text.Write4Bits
                0x08001a72       0x22 ./Drivers/STM32F4xx_HAL_Driver/Src/liquidcrystal_i2c.o
 .text.ExpanderWrite
                0x08001a94       0x38 ./Drivers/STM32F4xx_HAL_Driver/Src/liquidcrystal_i2c.o
 .text.PulseEnable
                0x08001acc       0x3a ./Drivers/STM32F4xx_HAL_Driver/Src/liquidcrystal_i2c.o
 *fill*         0x08001b06        0x2 
 .text.DelayInit
                0x08001b08       0x54 ./Drivers/STM32F4xx_HAL_Driver/Src/liquidcrystal_i2c.o
 .text.DelayUS  0x08001b5c       0x50 ./Drivers/STM32F4xx_HAL_Driver/Src/liquidcrystal_i2c.o
 .text.HAL_Init
                0x08001bac       0x44 ./Drivers/STM32F4xx_HAL_Driver/Src/stm32f4xx_hal.o
                0x08001bac                HAL_Init
 .text.HAL_IncTick
                0x08001bf0       0x28 ./Drivers/STM32F4xx_HAL_Driver/Src/stm32f4xx_hal.o
                0x08001bf0                HAL_IncTick
 .text.HAL_GetTick
                0x08001c18       0x18 ./Drivers/STM32F4xx_HAL_Driver/Src/stm32f4xx_hal.o
                0x08001c18                HAL_GetTick
 .text.HAL_Delay
                0x08001c30       0x48 ./Drivers/STM32F4xx_HAL_Driver/Src/stm32f4xx_hal.o
                0x08001c30                HAL_Delay
 .text.__NVIC_SetPriorityGrouping
                0x08001c78       0x48 ./Drivers/STM32F4xx_HAL_Driver/Src/stm32f4xx_hal_cortex.o
 .text.__NVIC_GetPriorityGrouping
                0x08001cc0       0x1c ./Drivers/STM32F4xx_HAL_Driver/Src/stm32f4xx_hal_cortex.o
 .text.__NVIC_EnableIRQ
                0x08001cdc       0x3c ./Drivers/STM32F4xx_HAL_Driver/Src/stm32f4xx_hal_cortex.o
 .text.__NVIC_SetPriority
                0x08001d18       0x54 ./Drivers/STM32F4xx_HAL_Driver/Src/stm32f4xx_hal_cortex.o
 .text.NVIC_EncodePriority
                0x08001d6c       0x66 ./Drivers/STM32F4xx_HAL_Driver/Src/stm32f4xx_hal_cortex.o
 .text.HAL_NVIC_SetPriorityGrouping
                0x08001dd2       0x16 ./Drivers/STM32F4xx_HAL_Driver/Src/stm32f4xx_hal_cortex.o
                0x08001dd2                HAL_NVIC_SetPriorityGrouping
 .text.HAL_NVIC_SetPriority
                0x08001de8       0x38 ./Drivers/STM32F4xx_HAL_Driver/Src/stm32f4xx_hal_cortex.o
                0x08001de8                HAL_NVIC_SetPriority
 .text.HAL_NVIC_EnableIRQ
                0x08001e20       0x1c ./Drivers/STM32F4xx_HAL_Driver/Src/stm32f4xx_hal_cortex.o
                0x08001e20                HAL_NVIC_EnableIRQ
 .text.HAL_FLASH_Program
                0x08001e3c       0xa4 ./Drivers/STM32F4xx_HAL_Driver/Src/stm32f4xx_hal_flash.o
                0x08001e3c                HAL_FLASH_Program
 .text.HAL_FLASH_Unlock
                0x08001ee0       0x44 ./Drivers/STM32F4xx_HAL_Driver/Src/stm32f4xx_hal_flash.o
                0x08001ee0                HAL_FLASH_Unlock
 .text.HAL_FLASH_Lock
                0x08001f24       0x20 ./Drivers/STM32F4xx_HAL_Driver/Src/stm32f4xx_hal_flash.o
                0x08001f24                HAL_FLASH_Lock
 .text.FLASH_WaitForLastOperation
                0x08001f44       0x80 ./Drivers/STM32F4xx_HAL_Driver/Src/stm32f4xx_hal_flash.o
                0x08001f44                FLASH_WaitForLastOperation
 .text.FLASH_Program_DoubleWord
                0x08001fc4       0x64 ./Drivers/STM32F4xx_HAL_Driver/Src/stm32f4xx_hal_flash.o
 .text.FLASH_Program_Word
                0x08002028       0x44 ./Drivers/STM32F4xx_HAL_Driver/Src/stm32f4xx_hal_flash.o
 .text.FLASH_Program_HalfWord
                0x0800206c       0x48 ./Drivers/STM32F4xx_HAL_Driver/Src/stm32f4xx_hal_flash.o
 .text.FLASH_Program_Byte
                0x080020b4       0x44 ./Drivers/STM32F4xx_HAL_Driver/Src/stm32f4xx_hal_flash.o
 .text.FLASH_SetErrorCode
                0x080020f8       0xcc ./Drivers/STM32F4xx_HAL_Driver/Src/stm32f4xx_hal_flash.o
 .text.HAL_FLASHEx_Erase
                0x080021c4       0xdc ./Drivers/STM32F4xx_HAL_Driver/Src/stm32f4xx_hal_flash_ex.o
                0x080021c4                HAL_FLASHEx_Erase
 .text.FLASH_MassErase
                0x080022a0       0x48 ./Drivers/STM32F4xx_HAL_Driver/Src/stm32f4xx_hal_flash_ex.o
 .text.FLASH_Erase_Sector
                0x080022e8       0x90 ./Drivers/STM32F4xx_HAL_Driver/Src/stm32f4xx_hal_flash_ex.o
                0x080022e8                FLASH_Erase_Sector
 .text.FLASH_FlushCaches
                0x08002378       0x8c ./Drivers/STM32F4xx_HAL_Driver/Src/stm32f4xx_hal_flash_ex.o
                0x08002378                FLASH_FlushCaches
 .text.HAL_GPIO_Init
                0x08002404      0x328 ./Drivers/STM32F4xx_HAL_Driver/Src/stm32f4xx_hal_gpio.o
                0x08002404                HAL_GPIO_Init
 .text.HAL_GPIO_ReadPin
                0x0800272c       0x30 ./Drivers/STM32F4xx_HAL_Driver/Src/stm32f4xx_hal_gpio.o
                0x0800272c                HAL_GPIO_ReadPin
 .text.HAL_GPIO_WritePin
                0x0800275c       0x32 ./Drivers/STM32F4xx_HAL_Driver/Src/stm32f4xx_hal_gpio.o
                0x0800275c                HAL_GPIO_WritePin
 *fill*         0x0800278e        0x2 
 .text.HAL_GPIO_EXTI_IRQHandler
                0x08002790       0x30 ./Drivers/STM32F4xx_HAL_Driver/Src/stm32f4xx_hal_gpio.o
                0x08002790                HAL_GPIO_EXTI_IRQHandler
 .text.HAL_I2C_Init
                0x080027c0      0x288 ./Drivers/STM32F4xx_HAL_Driver/Src/stm32f4xx_hal_i2c.o
                0x080027c0                HAL_I2C_Init
 .text.HAL_I2C_Master_Transmit
                0x08002a48      0x1fc ./Drivers/STM32F4xx_HAL_Driver/Src/stm32f4xx_hal_i2c.o
                0x08002a48                HAL_I2C_Master_Transmit
 .text.I2C_MasterRequestWrite
                0x08002c44      0x104 ./Drivers/STM32F4xx_HAL_Driver/Src/stm32f4xx_hal_i2c.o
 .text.I2C_WaitOnFlagUntilTimeout
                0x08002d48       0xf4 ./Drivers/STM32F4xx_HAL_Driver/Src/stm32f4xx_hal_i2c.o
 .text.I2C_WaitOnMasterAddressFlagUntilTimeout
                0x08002e3c      0x140 ./Drivers/STM32F4xx_HAL_Driver/Src/stm32f4xx_hal_i2c.o
 .text.I2C_WaitOnTXEFlagUntilTimeout
                0x08002f7c       0x90 ./Drivers/STM32F4xx_HAL_Driver/Src/stm32f4xx_hal_i2c.o
 .text.I2C_WaitOnBTFFlagUntilTimeout
                0x0800300c       0x90 ./Drivers/STM32F4xx_HAL_Driver/Src/stm32f4xx_hal_i2c.o
 .text.I2C_IsAcknowledgeFailed
                0x0800309c       0x5e ./Drivers/STM32F4xx_HAL_Driver/Src/stm32f4xx_hal_i2c.o
 *fill*         0x080030fa        0x2 
 .text.HAL_RCC_ClockConfig
                0x080030fc      0x1cc ./Drivers/STM32F4xx_HAL_Driver/Src/stm32f4xx_hal_rcc.o
                0x080030fc                HAL_RCC_ClockConfig
 .text.HAL_RCC_GetHCLKFreq
                0x080032c8       0x18 ./Drivers/STM32F4xx_HAL_Driver/Src/stm32f4xx_hal_rcc.o
                0x080032c8                HAL_RCC_GetHCLKFreq
 .text.HAL_RCC_GetPCLK1Freq
                0x080032e0       0x28 ./Drivers/STM32F4xx_HAL_Driver/Src/stm32f4xx_hal_rcc.o
                0x080032e0                HAL_RCC_GetPCLK1Freq
 .text.HAL_RCC_GetPCLK2Freq
                0x08003308       0x28 ./Drivers/STM32F4xx_HAL_Driver/Src/stm32f4xx_hal_rcc.o
                0x08003308                HAL_RCC_GetPCLK2Freq
 .text.HAL_RCC_GetClockConfig
                0x08003330       0x64 ./Drivers/STM32F4xx_HAL_Driver/Src/stm32f4xx_hal_rcc.o
                0x08003330                HAL_RCC_GetClockConfig
 .text.HAL_RCC_GetSysClockFreq
                0x08003394      0x460 ./Drivers/STM32F4xx_HAL_Driver/Src/stm32f4xx_hal_rcc_ex.o
                0x08003394                HAL_RCC_GetSysClockFreq
 .text.HAL_RCC_OscConfig
                0x080037f4      0x53c ./Drivers/STM32F4xx_HAL_Driver/Src/stm32f4xx_hal_rcc_ex.o
                0x080037f4                HAL_RCC_OscConfig
 .text.HAL_TIM_Base_Init
                0x08003d30       0x9e ./Drivers/STM32F4xx_HAL_Driver/Src/stm32f4xx_hal_tim.o
                0x08003d30                HAL_TIM_Base_Init
 .text.HAL_TIM_Base_MspInit
                0x08003dce       0x14 ./Drivers/STM32F4xx_HAL_Driver/Src/stm32f4xx_hal_tim.o
                0x08003dce                HAL_TIM_Base_MspInit
 *fill*         0x08003de2        0x2 
 .text.HAL_TIM_Base_Start_IT
                0x08003de4       0xe0 ./Drivers/STM32F4xx_HAL_Driver/Src/stm32f4xx_hal_tim.o
                0x08003de4                HAL_TIM_Base_Start_IT
 .text.HAL_TIM_IRQHandler
                0x08003ec4      0x1e0 ./Drivers/STM32F4xx_HAL_Driver/Src/stm32f4xx_hal_tim.o
                0x08003ec4                HAL_TIM_IRQHandler
 .text.HAL_TIM_OC_DelayElapsedCallback
                0x080040a4       0x14 ./Drivers/STM32F4xx_HAL_Driver/Src/stm32f4xx_hal_tim.o
                0x080040a4                HAL_TIM_OC_DelayElapsedCallback
 .text.HAL_TIM_IC_CaptureCallback
                0x080040b8       0x14 ./Drivers/STM32F4xx_HAL_Driver/Src/stm32f4xx_hal_tim.o
                0x080040b8                HAL_TIM_IC_CaptureCallback
 .text.HAL_TIM_PWM_PulseFinishedCallback
                0x080040cc       0x14 ./Drivers/STM32F4xx_HAL_Driver/Src/stm32f4xx_hal_tim.o
                0x080040cc                HAL_TIM_PWM_PulseFinishedCallback
 .text.HAL_TIM_TriggerCallback
                0x080040e0       0x14 ./Drivers/STM32F4xx_HAL_Driver/Src/stm32f4xx_hal_tim.o
                0x080040e0                HAL_TIM_TriggerCallback
 .text.TIM_Base_SetConfig
                0x080040f4      0x14c ./Drivers/STM32F4xx_HAL_Driver/Src/stm32f4xx_hal_tim.o
                0x080040f4                TIM_Base_SetConfig
 .text.HAL_TIMEx_CommutCallback
                0x08004240       0x14 ./Drivers/STM32F4xx_HAL_Driver/Src/stm32f4xx_hal_tim_ex.o
                0x08004240                HAL_TIMEx_CommutCallback
 .text.HAL_TIMEx_BreakCallback
                0x08004254       0x14 ./Drivers/STM32F4xx_HAL_Driver/Src/stm32f4xx_hal_tim_ex.o
                0x08004254                HAL_TIMEx_BreakCallback
 .text.HAL_UART_Init
                0x08004268       0xa0 ./Drivers/STM32F4xx_HAL_Driver/Src/stm32f4xx_hal_uart.o
                0x08004268                HAL_UART_Init
 .text.HAL_UART_Transmit
                0x08004308      0x116 ./Drivers/STM32F4xx_HAL_Driver/Src/stm32f4xx_hal_uart.o
                0x08004308                HAL_UART_Transmit
 .text.UART_WaitOnFlagUntilTimeout
                0x0800441e       0xb2 ./Drivers/STM32F4xx_HAL_Driver/Src/stm32f4xx_hal_uart.o
 .text.UART_EndRxTransfer
                0x080044d0       0xc6 ./Drivers/STM32F4xx_HAL_Driver/Src/stm32f4xx_hal_uart.o
 *fill*         0x08004596        0x2 
 .text.UART_SetConfig
                0x08004598      0x4e8 ./Drivers/STM32F4xx_HAL_Driver/Src/stm32f4xx_hal_uart.o
 .text.__NVIC_SetPriority
                0x08004a80       0x54 ./Middlewares/Third_Party/FreeRTOS/Source/CMSIS_RTOS_V2/cmsis_os2.o
 .text.SysTick_Handler
                0x08004ad4       0x20 ./Middlewares/Third_Party/FreeRTOS/Source/CMSIS_RTOS_V2/cmsis_os2.o
                0x08004ad4                SysTick_Handler
 .text.SVC_Setup
                0x08004af4       0x12 ./Middlewares/Third_Party/FreeRTOS/Source/CMSIS_RTOS_V2/cmsis_os2.o
 *fill*         0x08004b06        0x2 
 .text.osKernelInitialize
                0x08004b08       0x48 ./Middlewares/Third_Party/FreeRTOS/Source/CMSIS_RTOS_V2/cmsis_os2.o
                0x08004b08                osKernelInitialize
 .text.osKernelStart
                0x08004b50       0x4c ./Middlewares/Third_Party/FreeRTOS/Source/CMSIS_RTOS_V2/cmsis_os2.o
                0x08004b50                osKernelStart
 .text.osThreadNew
                0x08004b9c      0x124 ./Middlewares/Third_Party/FreeRTOS/Source/CMSIS_RTOS_V2/cmsis_os2.o
                0x08004b9c                osThreadNew
 .text.osMutexNew
                0x08004cc0      0x10c ./Middlewares/Third_Party/FreeRTOS/Source/CMSIS_RTOS_V2/cmsis_os2.o
                0x08004cc0                osMutexNew
 .text.osMutexAcquire
                0x08004dcc       0x96 ./Middlewares/Third_Party/FreeRTOS/Source/CMSIS_RTOS_V2/cmsis_os2.o
                0x08004dcc                osMutexAcquire
 .text.osMutexRelease
                0x08004e62       0x7a ./Middlewares/Third_Party/FreeRTOS/Source/CMSIS_RTOS_V2/cmsis_os2.o
                0x08004e62                osMutexRelease
 .text.osMessageQueueNew
                0x08004edc       0xe6 ./Middlewares/Third_Party/FreeRTOS/Source/CMSIS_RTOS_V2/cmsis_os2.o
                0x08004edc                osMessageQueueNew
 *fill*         0x08004fc2        0x2 
 .text.vApplicationGetIdleTaskMemory
                0x08004fc4       0x34 ./Middlewares/Third_Party/FreeRTOS/Source/CMSIS_RTOS_V2/cmsis_os2.o
                0x08004fc4                vApplicationGetIdleTaskMemory
 .text.vApplicationGetTimerTaskMemory
                0x08004ff8       0x34 ./Middlewares/Third_Party/FreeRTOS/Source/CMSIS_RTOS_V2/cmsis_os2.o
                0x08004ff8                vApplicationGetTimerTaskMemory
 .text.vListInitialise
                0x0800502c       0x40 ./Middlewares/Third_Party/FreeRTOS/Source/list.o
                0x0800502c                vListInitialise
 .text.vListInitialiseItem
                0x0800506c       0x1a ./Middlewares/Third_Party/FreeRTOS/Source/list.o
                0x0800506c                vListInitialiseItem
 .text.vListInsertEnd
                0x08005086       0x48 ./Middlewares/Third_Party/FreeRTOS/Source/list.o
                0x08005086                vListInsertEnd
 .text.vListInsert
                0x080050ce       0x72 ./Middlewares/Third_Party/FreeRTOS/Source/list.o
                0x080050ce                vListInsert
 .text.uxListRemove
                0x08005140       0x54 ./Middlewares/Third_Party/FreeRTOS/Source/list.o
                0x08005140                uxListRemove
 .text.xQueueGenericReset
                0x08005194       0xd4 ./Middlewares/Third_Party/FreeRTOS/Source/queue.o
                0x08005194                xQueueGenericReset
 .text.xQueueGenericCreateStatic
                0x08005268       0xfa ./Middlewares/Third_Party/FreeRTOS/Source/queue.o
                0x08005268                xQueueGenericCreateStatic
 .text.xQueueGenericCreate
                0x08005362       0x76 ./Middlewares/Third_Party/FreeRTOS/Source/queue.o
                0x08005362                xQueueGenericCreate
 .text.prvInitialiseNewQueue
                0x080053d8       0x46 ./Middlewares/Third_Party/FreeRTOS/Source/queue.o
 .text.prvInitialiseMutex
                0x0800541e       0x34 ./Middlewares/Third_Party/FreeRTOS/Source/queue.o
 .text.xQueueCreateMutex
                0x08005452       0x30 ./Middlewares/Third_Party/FreeRTOS/Source/queue.o
                0x08005452                xQueueCreateMutex
 .text.xQueueCreateMutexStatic
                0x08005482       0x36 ./Middlewares/Third_Party/FreeRTOS/Source/queue.o
                0x08005482                xQueueCreateMutexStatic
 .text.xQueueGiveMutexRecursive
                0x080054b8       0x6a ./Middlewares/Third_Party/FreeRTOS/Source/queue.o
                0x080054b8                xQueueGiveMutexRecursive
 .text.xQueueTakeMutexRecursive
                0x08005522       0x6e ./Middlewares/Third_Party/FreeRTOS/Source/queue.o
                0x08005522                xQueueTakeMutexRecursive
 .text.xQueueGenericSend
                0x08005590      0x204 ./Middlewares/Third_Party/FreeRTOS/Source/queue.o
                0x08005590                xQueueGenericSend
 .text.xQueueGenericSendFromISR
                0x08005794      0x13c ./Middlewares/Third_Party/FreeRTOS/Source/queue.o
                0x08005794                xQueueGenericSendFromISR
 .text.xQueueReceive
                0x080058d0      0x1c4 ./Middlewares/Third_Party/FreeRTOS/Source/queue.o
                0x080058d0                xQueueReceive
 .text.xQueueSemaphoreTake
                0x08005a94      0x220 ./Middlewares/Third_Party/FreeRTOS/Source/queue.o
                0x08005a94                xQueueSemaphoreTake
 .text.prvGetDisinheritPriorityAfterTimeout
                0x08005cb4       0x30 ./Middlewares/Third_Party/FreeRTOS/Source/queue.o
 .text.prvCopyDataToQueue
                0x08005ce4       0xd4 ./Middlewares/Third_Party/FreeRTOS/Source/queue.o
 .text.prvCopyDataFromQueue
                0x08005db8       0x4c ./Middlewares/Third_Party/FreeRTOS/Source/queue.o
 .text.prvUnlockQueue
                0x08005e04       0xa4 ./Middlewares/Third_Party/FreeRTOS/Source/queue.o
 .text.prvIsQueueEmpty
                0x08005ea8       0x2c ./Middlewares/Third_Party/FreeRTOS/Source/queue.o
 .text.prvIsQueueFull
                0x08005ed4       0x30 ./Middlewares/Third_Party/FreeRTOS/Source/queue.o
 .text.vQueueAddToRegistry
                0x08005f04       0x54 ./Middlewares/Third_Party/FreeRTOS/Source/queue.o
                0x08005f04                vQueueAddToRegistry
 .text.vQueueWaitForMessageRestricted
                0x08005f58       0x68 ./Middlewares/Third_Party/FreeRTOS/Source/queue.o
                0x08005f58                vQueueWaitForMessageRestricted
 .text.xTaskCreateStatic
                0x08005fc0       0xc0 ./Middlewares/Third_Party/FreeRTOS/Source/tasks.o
                0x08005fc0                xTaskCreateStatic
 .text.xTaskCreate
                0x08006080       0x8a ./Middlewares/Third_Party/FreeRTOS/Source/tasks.o
                0x08006080                xTaskCreate
 *fill*         0x0800610a        0x2 
 .text.prvInitialiseNewTask
                0x0800610c      0x150 ./Middlewares/Third_Party/FreeRTOS/Source/tasks.o
 .text.prvAddNewTaskToReadyList
                0x0800625c       0xe0 ./Middlewares/Third_Party/FreeRTOS/Source/tasks.o
 .text.vTaskStartScheduler
                0x0800633c       0xe0 ./Middlewares/Third_Party/FreeRTOS/Source/tasks.o
                0x0800633c                vTaskStartScheduler
 .text.vTaskSuspendAll
                0x0800641c       0x1c ./Middlewares/Third_Party/FreeRTOS/Source/tasks.o
                0x0800641c                vTaskSuspendAll
 .text.xTaskResumeAll
                0x08006438      0x13c ./Middlewares/Third_Party/FreeRTOS/Source/tasks.o
                0x08006438                xTaskResumeAll
 .text.xTaskGetTickCount
                0x08006574       0x20 ./Middlewares/Third_Party/FreeRTOS/Source/tasks.o
                0x08006574                xTaskGetTickCount
 .text.xTaskIncrementTick
                0x08006594      0x174 ./Middlewares/Third_Party/FreeRTOS/Source/tasks.o
                0x08006594                xTaskIncrementTick
 .text.vTaskSwitchContext
                0x08006708       0xcc ./Middlewares/Third_Party/FreeRTOS/Source/tasks.o
                0x08006708                vTaskSwitchContext
 .text.vTaskPlaceOnEventList
                0x080067d4       0x4c ./Middlewares/Third_Party/FreeRTOS/Source/tasks.o
                0x080067d4                vTaskPlaceOnEventList
 .text.vTaskPlaceOnEventListRestricted
                0x08006820       0x58 ./Middlewares/Third_Party/FreeRTOS/Source/tasks.o
                0x08006820                vTaskPlaceOnEventListRestricted
 .text.xTaskRemoveFromEventList
                0x08006878       0xc8 ./Middlewares/Third_Party/FreeRTOS/Source/tasks.o
                0x08006878                xTaskRemoveFromEventList
 .text.vTaskInternalSetTimeOutState
                0x08006940       0x2c ./Middlewares/Third_Party/FreeRTOS/Source/tasks.o
                0x08006940                vTaskInternalSetTimeOutState
 .text.xTaskCheckForTimeOut
                0x0800696c       0xc8 ./Middlewares/Third_Party/FreeRTOS/Source/tasks.o
                0x0800696c                xTaskCheckForTimeOut
 .text.vTaskMissedYield
                0x08006a34       0x18 ./Middlewares/Third_Party/FreeRTOS/Source/tasks.o
                0x08006a34                vTaskMissedYield
 .text.prvIdleTask
                0x08006a4c       0x30 ./Middlewares/Third_Party/FreeRTOS/Source/tasks.o
 .text.prvInitialiseTaskLists
                0x08006a7c       0x80 ./Middlewares/Third_Party/FreeRTOS/Source/tasks.o
 .text.prvCheckTasksWaitingTermination
                0x08006afc       0x5c ./Middlewares/Third_Party/FreeRTOS/Source/tasks.o
 .text.prvDeleteTCB
                0x08006b58       0x6a ./Middlewares/Third_Party/FreeRTOS/Source/tasks.o
 *fill*         0x08006bc2        0x2 
 .text.prvResetNextTaskUnblockTime
                0x08006bc4       0x40 ./Middlewares/Third_Party/FreeRTOS/Source/tasks.o
 .text.xTaskGetCurrentTaskHandle
                0x08006c04       0x20 ./Middlewares/Third_Party/FreeRTOS/Source/tasks.o
                0x08006c04                xTaskGetCurrentTaskHandle
 .text.xTaskGetSchedulerState
                0x08006c24       0x3c ./Middlewares/Third_Party/FreeRTOS/Source/tasks.o
                0x08006c24                xTaskGetSchedulerState
 .text.xTaskPriorityInherit
                0x08006c60       0xd0 ./Middlewares/Third_Party/FreeRTOS/Source/tasks.o
                0x08006c60                xTaskPriorityInherit
 .text.xTaskPriorityDisinherit
                0x08006d30       0xe0 ./Middlewares/Third_Party/FreeRTOS/Source/tasks.o
                0x08006d30                xTaskPriorityDisinherit
 .text.vTaskPriorityDisinheritAfterTimeout
                0x08006e10      0x108 ./Middlewares/Third_Party/FreeRTOS/Source/tasks.o
                0x08006e10                vTaskPriorityDisinheritAfterTimeout
 .text.pvTaskIncrementMutexHeldCount
                0x08006f18       0x28 ./Middlewares/Third_Party/FreeRTOS/Source/tasks.o
                0x08006f18                pvTaskIncrementMutexHeldCount
 .text.xTaskNotifyWait
                0x08006f40       0xc0 ./Middlewares/Third_Party/FreeRTOS/Source/tasks.o
                0x08006f40                xTaskNotifyWait
 .text.xTaskGenericNotify
                0x08007000      0x184 ./Middlewares/Third_Party/FreeRTOS/Source/tasks.o
                0x08007000                xTaskGenericNotify
 .text.xTaskGenericNotifyFromISR
                0x08007184      0x1cc ./Middlewares/Third_Party/FreeRTOS/Source/tasks.o
                0x08007184                xTaskGenericNotifyFromISR
 .text.prvAddCurrentTaskToDelayedList
                0x08007350       0xa8 ./Middlewares/Third_Party/FreeRTOS/Source/tasks.o
 .text.xTimerCreateTimerTask
                0x080073f8       0x94 ./Middlewares/Third_Party/FreeRTOS/Source/timers.o
                0x080073f8                xTimerCreateTimerTask
 .text.xTimerGenericCommand
                0x0800748c       0x9c ./Middlewares/Third_Party/FreeRTOS/Source/timers.o
                0x0800748c                xTimerGenericCommand
 .text.prvProcessExpiredTimer
                0x08007528       0x9c ./Middlewares/Third_Party/FreeRTOS/Source/timers.o
 .text.prvTimerTask
                0x080075c4       0x26 ./Middlewares/Third_Party/FreeRTOS/Source/timers.o
 *fill*         0x080075ea        0x2 
 .text.prvProcessTimerOrBlockTask
                0x080075ec       0x9c ./Middlewares/Third_Party/FreeRTOS/Source/timers.o
 .text.prvGetNextExpireTime
                0x08007688       0x48 ./Middlewares/Third_Party/FreeRTOS/Source/timers.o
 .text.prvSampleTimeNow
                0x080076d0       0x40 ./Middlewares/Third_Party/FreeRTOS/Source/timers.o
 .text.prvInsertTimerInActiveList
                0x08007710       0x84 ./Middlewares/Third_Party/FreeRTOS/Source/timers.o
 .text.prvProcessReceivedCommands
                0x08007794      0x1cc ./Middlewares/Third_Party/FreeRTOS/Source/timers.o
 .text.prvSwitchTimerLists
                0x08007960       0xcc ./Middlewares/Third_Party/FreeRTOS/Source/timers.o
 .text.prvCheckForValidListAndQueue
                0x08007a2c       0x80 ./Middlewares/Third_Party/FreeRTOS/Source/timers.o
 .text.pxPortInitialiseStack
                0x08007aac       0x68 ./Middlewares/Third_Party/FreeRTOS/Source/portable/GCC/ARM_CM4F/port.o
                0x08007aac                pxPortInitialiseStack
 .text.prvTaskExitError
                0x08007b14       0x5c ./Middlewares/Third_Party/FreeRTOS/Source/portable/GCC/ARM_CM4F/port.o
 .text.SVC_Handler
                0x08007b70       0x28 ./Middlewares/Third_Party/FreeRTOS/Source/portable/GCC/ARM_CM4F/port.o
                0x08007b70                SVC_Handler
 .text.prvPortStartFirstTask
                0x08007b98       0x28 ./Middlewares/Third_Party/FreeRTOS/Source/portable/GCC/ARM_CM4F/port.o
 .text.xPortStartScheduler
                0x08007bc0      0x148 ./Middlewares/Third_Party/FreeRTOS/Source/portable/GCC/ARM_CM4F/port.o
                0x08007bc0                xPortStartScheduler
 .text.vPortEnterCritical
                0x08007d08       0x64 ./Middlewares/Third_Party/FreeRTOS/Source/portable/GCC/ARM_CM4F/port.o
                0x08007d08                vPortEnterCritical
 .text.vPortExitCritical
                0x08007d6c       0x54 ./Middlewares/Third_Party/FreeRTOS/Source/portable/GCC/ARM_CM4F/port.o
                0x08007d6c                vPortExitCritical
 .text.PendSV_Handler
                0x08007dc0       0x68 ./Middlewares/Third_Party/FreeRTOS/Source/portable/GCC/ARM_CM4F/port.o
                0x08007dc0                PendSV_Handler
 .text.xPortSysTickHandler
                0x08007e28       0x44 ./Middlewares/Third_Party/FreeRTOS/Source/portable/GCC/ARM_CM4F/port.o
                0x08007e28                xPortSysTickHandler
 .text.vPortSetupTimerInterrupt
                0x08007e6c       0x48 ./Middlewares/Third_Party/FreeRTOS/Source/portable/GCC/ARM_CM4F/port.o
                0x08007e6c                vPortSetupTimerInterrupt
 .text.vPortEnableVFP
                0x08007eb4       0x14 ./Middlewares/Third_Party/FreeRTOS/Source/portable/GCC/ARM_CM4F/port.o
 .text.vPortValidateInterruptPriority
                0x08007ec8       0x84 ./Middlewares/Third_Party/FreeRTOS/Source/portable/GCC/ARM_CM4F/port.o
                0x08007ec8                vPortValidateInterruptPriority
 .text.pvPortMalloc
                0x08007f4c      0x19c ./Middlewares/Third_Party/FreeRTOS/Source/portable/MemMang/heap_4.o
                0x08007f4c                pvPortMalloc
 .text.vPortFree
                0x080080e8       0xc8 ./Middlewares/Third_Party/FreeRTOS/Source/portable/MemMang/heap_4.o
                0x080080e8                vPortFree
 .text.prvHeapInit
                0x080081b0       0xc4 ./Middlewares/Third_Party/FreeRTOS/Source/portable/MemMang/heap_4.o
 .text.prvInsertBlockIntoFreeList
                0x08008274       0xb4 ./Middlewares/Third_Party/FreeRTOS/Source/portable/MemMang/heap_4.o
 .text.sprintf  0x08008328       0x44 C:/ST/STM32CubeIDE_1.19.0/STM32CubeIDE/plugins/com.st.stm32cube.ide.mcu.externaltools.gnu-tools-for-stm32.13.3.rel1.win32_1.0.0.202411081344/tools/bin/../lib/gcc/arm-none-eabi/13.3.1/../../../../arm-none-eabi/lib/thumb/v7e-m+fp/hard\libc_nano.a(libc_a-sprintf.o)
                0x08008328                siprintf
                0x08008328                sprintf
 .text.memset   0x0800836c       0x10 C:/ST/STM32CubeIDE_1.19.0/STM32CubeIDE/plugins/com.st.stm32cube.ide.mcu.externaltools.gnu-tools-for-stm32.13.3.rel1.win32_1.0.0.202411081344/tools/bin/../lib/gcc/arm-none-eabi/13.3.1/../../../../arm-none-eabi/lib/thumb/v7e-m+fp/hard\libc_nano.a(libc_a-memset.o)
                0x0800836c                memset
 .text._reclaim_reent
                0x0800837c       0xbc C:/ST/STM32CubeIDE_1.19.0/STM32CubeIDE/plugins/com.st.stm32cube.ide.mcu.externaltools.gnu-tools-for-stm32.13.3.rel1.win32_1.0.0.202411081344/tools/bin/../lib/gcc/arm-none-eabi/13.3.1/../../../../arm-none-eabi/lib/thumb/v7e-m+fp/hard\libc_nano.a(libc_a-reent.o)
                0x0800837c                _reclaim_reent
 .text.__errno  0x08008438        0xc C:/ST/STM32CubeIDE_1.19.0/STM32CubeIDE/plugins/com.st.stm32cube.ide.mcu.externaltools.gnu-tools-for-stm32.13.3.rel1.win32_1.0.0.202411081344/tools/bin/../lib/gcc/arm-none-eabi/13.3.1/../../../../arm-none-eabi/lib/thumb/v7e-m+fp/hard\libc_nano.a(libc_a-errno.o)
                0x08008438                __errno
 .text.__libc_init_array
                0x08008444       0x48 C:/ST/STM32CubeIDE_1.19.0/STM32CubeIDE/plugins/com.st.stm32cube.ide.mcu.externaltools.gnu-tools-for-stm32.13.3.rel1.win32_1.0.0.202411081344/tools/bin/../lib/gcc/arm-none-eabi/13.3.1/../../../../arm-none-eabi/lib/thumb/v7e-m+fp/hard\libc_nano.a(libc_a-init.o)
                0x08008444                __libc_init_array
 .text.__retarget_lock_acquire_recursive
                0x0800848c        0x2 C:/ST/STM32CubeIDE_1.19.0/STM32CubeIDE/plugins/com.st.stm32cube.ide.mcu.externaltools.gnu-tools-for-stm32.13.3.rel1.win32_1.0.0.202411081344/tools/bin/../lib/gcc/arm-none-eabi/13.3.1/../../../../arm-none-eabi/lib/thumb/v7e-m+fp/hard\libc_nano.a(libc_a-lock.o)
                0x0800848c                __retarget_lock_acquire_recursive
 .text.__retarget_lock_release_recursive
                0x0800848e        0x2 C:/ST/STM32CubeIDE_1.19.0/STM32CubeIDE/plugins/com.st.stm32cube.ide.mcu.externaltools.gnu-tools-for-stm32.13.3.rel1.win32_1.0.0.202411081344/tools/bin/../lib/gcc/arm-none-eabi/13.3.1/../../../../arm-none-eabi/lib/thumb/v7e-m+fp/hard\libc_nano.a(libc_a-lock.o)
                0x0800848e                __retarget_lock_release_recursive
 .text.strcpy   0x08008490       0x10 C:/ST/STM32CubeIDE_1.19.0/STM32CubeIDE/plugins/com.st.stm32cube.ide.mcu.externaltools.gnu-tools-for-stm32.13.3.rel1.win32_1.0.0.202411081344/tools/bin/../lib/gcc/arm-none-eabi/13.3.1/../../../../arm-none-eabi/lib/thumb/v7e-m+fp/hard\libc_nano.a(libc_a-strcpy.o)
                0x08008490                strcpy
 .text.memcpy   0x080084a0       0x1c C:/ST/STM32CubeIDE_1.19.0/STM32CubeIDE/plugins/com.st.stm32cube.ide.mcu.externaltools.gnu-tools-for-stm32.13.3.rel1.win32_1.0.0.202411081344/tools/bin/../lib/gcc/arm-none-eabi/13.3.1/../../../../arm-none-eabi/lib/thumb/v7e-m+fp/hard\libc_nano.a(libc_a-memcpy-stub.o)
                0x080084a0                memcpy
 .text._free_r  0x080084bc       0x94 C:/ST/STM32CubeIDE_1.19.0/STM32CubeIDE/plugins/com.st.stm32cube.ide.mcu.externaltools.gnu-tools-for-stm32.13.3.rel1.win32_1.0.0.202411081344/tools/bin/../lib/gcc/arm-none-eabi/13.3.1/../../../../arm-none-eabi/lib/thumb/v7e-m+fp/hard\libc_nano.a(libc_a-freer.o)
                0x080084bc                _free_r
 .text.sbrk_aligned
                0x08008550       0x44 C:/ST/STM32CubeIDE_1.19.0/STM32CubeIDE/plugins/com.st.stm32cube.ide.mcu.externaltools.gnu-tools-for-stm32.13.3.rel1.win32_1.0.0.202411081344/tools/bin/../lib/gcc/arm-none-eabi/13.3.1/../../../../arm-none-eabi/lib/thumb/v7e-m+fp/hard\libc_nano.a(libc_a-mallocr.o)
 .text._malloc_r
                0x08008594      0x100 C:/ST/STM32CubeIDE_1.19.0/STM32CubeIDE/plugins/com.st.stm32cube.ide.mcu.externaltools.gnu-tools-for-stm32.13.3.rel1.win32_1.0.0.202411081344/tools/bin/../lib/gcc/arm-none-eabi/13.3.1/../../../../arm-none-eabi/lib/thumb/v7e-m+fp/hard\libc_nano.a(libc_a-mallocr.o)
                0x08008594                _malloc_r
 .text.__malloc_lock
                0x08008694        0xc C:/ST/STM32CubeIDE_1.19.0/STM32CubeIDE/plugins/com.st.stm32cube.ide.mcu.externaltools.gnu-tools-for-stm32.13.3.rel1.win32_1.0.0.202411081344/tools/bin/../lib/gcc/arm-none-eabi/13.3.1/../../../../arm-none-eabi/lib/thumb/v7e-m+fp/hard\libc_nano.a(libc_a-mlock.o)
                0x08008694                __malloc_lock
 .text.__malloc_unlock
                0x080086a0        0xc C:/ST/STM32CubeIDE_1.19.0/STM32CubeIDE/plugins/com.st.stm32cube.ide.mcu.externaltools.gnu-tools-for-stm32.13.3.rel1.win32_1.0.0.202411081344/tools/bin/../lib/gcc/arm-none-eabi/13.3.1/../../../../arm-none-eabi/lib/thumb/v7e-m+fp/hard\libc_nano.a(libc_a-mlock.o)
                0x080086a0                __malloc_unlock
 .text.__ssputs_r
                0x080086ac       0xb6 C:/ST/STM32CubeIDE_1.19.0/STM32CubeIDE/plugins/com.st.stm32cube.ide.mcu.externaltools.gnu-tools-for-stm32.13.3.rel1.win32_1.0.0.202411081344/tools/bin/../lib/gcc/arm-none-eabi/13.3.1/../../../../arm-none-eabi/lib/thumb/v7e-m+fp/hard\libc_nano.a(libc_a-nano-svfprintf.o)
                0x080086ac                __ssputs_r
 *fill*         0x08008762        0x2 
 .text._svfprintf_r
                0x08008764      0x1f8 C:/ST/STM32CubeIDE_1.19.0/STM32CubeIDE/plugins/com.st.stm32cube.ide.mcu.externaltools.gnu-tools-for-stm32.13.3.rel1.win32_1.0.0.202411081344/tools/bin/../lib/gcc/arm-none-eabi/13.3.1/../../../../arm-none-eabi/lib/thumb/v7e-m+fp/hard\libc_nano.a(libc_a-nano-svfprintf.o)
                0x08008764                _svfiprintf_r
                0x08008764                _svfprintf_r
 .text._printf_common
                0x0800895c       0xda C:/ST/STM32CubeIDE_1.19.0/STM32CubeIDE/plugins/com.st.stm32cube.ide.mcu.externaltools.gnu-tools-for-stm32.13.3.rel1.win32_1.0.0.202411081344/tools/bin/../lib/gcc/arm-none-eabi/13.3.1/../../../../arm-none-eabi/lib/thumb/v7e-m+fp/hard\libc_nano.a(libc_a-nano-vfprintf_i.o)
                0x0800895c                _printf_common
 *fill*         0x08008a36        0x2 
 .text._printf_i
                0x08008a38      0x23c C:/ST/STM32CubeIDE_1.19.0/STM32CubeIDE/plugins/com.st.stm32cube.ide.mcu.externaltools.gnu-tools-for-stm32.13.3.rel1.win32_1.0.0.202411081344/tools/bin/../lib/gcc/arm-none-eabi/13.3.1/../../../../arm-none-eabi/lib/thumb/v7e-m+fp/hard\libc_nano.a(libc_a-nano-vfprintf_i.o)
                0x08008a38                _printf_i
 .text.memmove  0x08008c74       0x34 C:/ST/STM32CubeIDE_1.19.0/STM32CubeIDE/plugins/com.st.stm32cube.ide.mcu.externaltools.gnu-tools-for-stm32.13.3.rel1.win32_1.0.0.202411081344/tools/bin/../lib/gcc/arm-none-eabi/13.3.1/../../../../arm-none-eabi/lib/thumb/v7e-m+fp/hard\libc_nano.a(libc_a-memmove.o)
                0x08008c74                memmove
 .text._sbrk_r  0x08008ca8       0x20 C:/ST/STM32CubeIDE_1.19.0/STM32CubeIDE/plugins/com.st.stm32cube.ide.mcu.externaltools.gnu-tools-for-stm32.13.3.rel1.win32_1.0.0.202411081344/tools/bin/../lib/gcc/arm-none-eabi/13.3.1/../../../../arm-none-eabi/lib/thumb/v7e-m+fp/hard\libc_nano.a(libc_a-sbrkr.o)
                0x08008ca8                _sbrk_r
 .text._realloc_r
                0x08008cc8       0x5c C:/ST/STM32CubeIDE_1.19.0/STM32CubeIDE/plugins/com.st.stm32cube.ide.mcu.externaltools.gnu-tools-for-stm32.13.3.rel1.win32_1.0.0.202411081344/tools/bin/../lib/gcc/arm-none-eabi/13.3.1/../../../../arm-none-eabi/lib/thumb/v7e-m+fp/hard\libc_nano.a(libc_a-reallocr.o)
                0x08008cc8                _realloc_r
 .text._malloc_usable_size_r
                0x08008d24       0x10 C:/ST/STM32CubeIDE_1.19.0/STM32CubeIDE/plugins/com.st.stm32cube.ide.mcu.externaltools.gnu-tools-for-stm32.13.3.rel1.win32_1.0.0.202411081344/tools/bin/../lib/gcc/arm-none-eabi/13.3.1/../../../../arm-none-eabi/lib/thumb/v7e-m+fp/hard\libc_nano.a(libc_a-msizer.o)
                0x08008d24                _malloc_usable_size_r
 *(.glue_7)
 .glue_7        0x08008d34        0x0 linker stubs
 *(.glue_7t)
 .glue_7t       0x08008d34        0x0 linker stubs
 *(.eh_frame)
 .eh_frame      0x08008d34        0x0 C:/ST/STM32CubeIDE_1.19.0/STM32CubeIDE/plugins/com.st.stm32cube.ide.mcu.externaltools.gnu-tools-for-stm32.13.3.rel1.win32_1.0.0.202411081344/tools/bin/../lib/gcc/arm-none-eabi/13.3.1/thumb/v7e-m+fp/hard/crtbegin.o
 *(.init)
 .init          0x08008d34        0x4 C:/ST/STM32CubeIDE_1.19.0/STM32CubeIDE/plugins/com.st.stm32cube.ide.mcu.externaltools.gnu-tools-for-stm32.13.3.rel1.win32_1.0.0.202411081344/tools/bin/../lib/gcc/arm-none-eabi/13.3.1/thumb/v7e-m+fp/hard/crti.o
                0x08008d34                _init
 .init          0x08008d38        0x8 C:/ST/STM32CubeIDE_1.19.0/STM32CubeIDE/plugins/com.st.stm32cube.ide.mcu.externaltools.gnu-tools-for-stm32.13.3.rel1.win32_1.0.0.202411081344/tools/bin/../lib/gcc/arm-none-eabi/13.3.1/thumb/v7e-m+fp/hard/crtn.o
 *(.fini)
 .fini          0x08008d40        0x4 C:/ST/STM32CubeIDE_1.19.0/STM32CubeIDE/plugins/com.st.stm32cube.ide.mcu.externaltools.gnu-tools-for-stm32.13.3.rel1.win32_1.0.0.202411081344/tools/bin/../lib/gcc/arm-none-eabi/13.3.1/thumb/v7e-m+fp/hard/crti.o
                0x08008d40                _fini
 .fini          0x08008d44        0x8 C:/ST/STM32CubeIDE_1.19.0/STM32CubeIDE/plugins/com.st.stm32cube.ide.mcu.externaltools.gnu-tools-for-stm32.13.3.rel1.win32_1.0.0.202411081344/tools/bin/../lib/gcc/arm-none-eabi/13.3.1/thumb/v7e-m+fp/hard/crtn.o
                0x08008d4c                        . = ALIGN (0x4)
                0x08008d4c                        _etext = .

.vfp11_veneer   0x08008d4c        0x0
 .vfp11_veneer  0x08008d4c        0x0 linker stubs

.v4_bx          0x08008d4c        0x0
 .v4_bx         0x08008d4c        0x0 linker stubs

.iplt           0x08008d4c        0x0
 .iplt          0x08008d4c        0x0 C:/ST/STM32CubeIDE_1.19.0/STM32CubeIDE/plugins/com.st.stm32cube.ide.mcu.externaltools.gnu-tools-for-stm32.13.3.rel1.win32_1.0.0.202411081344/tools/bin/../lib/gcc/arm-none-eabi/13.3.1/thumb/v7e-m+fp/hard/crtbegin.o

.rodata         0x08008d4c      0x2a4
                0x08008d4c                        . = ALIGN (0x4)
 *(.rodata)
 .rodata        0x08008d4c      0x12d ./Core/Src/main.o
 *fill*         0x08008e79        0x3 
 .rodata        0x08008e7c       0x10 ./Drivers/STM32F4xx_HAL_Driver/Src/liquidcrystal_i2c.o
 .rodata        0x08008e8c        0x5 ./Middlewares/Third_Party/FreeRTOS/Source/tasks.o
 *fill*         0x08008e91        0x3 
 .rodata        0x08008e94        0xd ./Middlewares/Third_Party/FreeRTOS/Source/timers.o
 *(.rodata*)
 *fill*         0x08008ea1        0x3 
 .rodata.UARTIptTask_attributes
                0x08008ea4       0x24 ./Core/Src/main.o
                0x08008ea4                UARTIptTask_attributes
 .rodata.LCDLine2Task_attributes
                0x08008ec8       0x24 ./Core/Src/main.o
                0x08008ec8                LCDLine2Task_attributes
 .rodata.Red_LEDTask_attributes
                0x08008eec       0x24 ./Core/Src/main.o
                0x08008eec                Red_LEDTask_attributes
 .rodata.Green_LEDTask_attributes
                0x08008f10       0x24 ./Core/Src/main.o
                0x08008f10                Green_LEDTask_attributes
 .rodata.LCDLine1Task_attributes
                0x08008f34       0x24 ./Core/Src/main.o
                0x08008f34                LCDLine1Task_attributes
 .rodata.resetPwordTask_attributes
                0x08008f58       0x24 ./Core/Src/main.o
                0x08008f58                resetPwordTask_attributes
 .rodata.myQueue01_attributes
                0x08008f7c       0x18 ./Core/Src/main.o
                0x08008f7c                myQueue01_attributes
 .rodata.myMutex_attributes
                0x08008f94       0x10 ./Core/Src/main.o
                0x08008f94                myMutex_attributes
 .rodata.AHBPrescTable
                0x08008fa4       0x10 ./Core/Src/system_stm32f4xx.o
                0x08008fa4                AHBPrescTable
 .rodata.APBPrescTable
                0x08008fb4        0x8 ./Core/Src/system_stm32f4xx.o
                0x08008fb4                APBPrescTable
 .rodata._svfprintf_r.str1.1
                0x08008fbc       0x33 C:/ST/STM32CubeIDE_1.19.0/STM32CubeIDE/plugins/com.st.stm32cube.ide.mcu.externaltools.gnu-tools-for-stm32.13.3.rel1.win32_1.0.0.202411081344/tools/bin/../lib/gcc/arm-none-eabi/13.3.1/../../../../arm-none-eabi/lib/thumb/v7e-m+fp/hard\libc_nano.a(libc_a-nano-svfprintf.o)
                                 0x11 (size before relaxing)
 .rodata._printf_i.str1.1
                0x08008fef       0x22 C:/ST/STM32CubeIDE_1.19.0/STM32CubeIDE/plugins/com.st.stm32cube.ide.mcu.externaltools.gnu-tools-for-stm32.13.3.rel1.win32_1.0.0.202411081344/tools/bin/../lib/gcc/arm-none-eabi/13.3.1/../../../../arm-none-eabi/lib/thumb/v7e-m+fp/hard\libc_nano.a(libc_a-nano-vfprintf_i.o)
                0x08009014                        . = ALIGN (0x4)
 *fill*         0x08008fef        0x1 

.ARM.extab      0x08008ff0        0x0
                0x08008ff0                        . = ALIGN (0x4)
 *(.ARM.extab* .gnu.linkonce.armextab.*)
                0x08008ff0                        . = ALIGN (0x4)

.ARM            0x08008ff0        0x8
                0x08008ff0                        . = ALIGN (0x4)
                0x08008ff0                        __exidx_start = .
 *(.ARM.exidx*)
 .ARM.exidx     0x08008ff0        0x8 C:/ST/STM32CubeIDE_1.19.0/STM32CubeIDE/plugins/com.st.stm32cube.ide.mcu.externaltools.gnu-tools-for-stm32.13.3.rel1.win32_1.0.0.202411081344/tools/bin/../lib/gcc/arm-none-eabi/13.3.1/../../../../arm-none-eabi/lib/thumb/v7e-m+fp/hard\libc_nano.a(libc_a-strcmp.o)
 .ARM.exidx     0x08008ff8        0x0 C:/ST/STM32CubeIDE_1.19.0/STM32CubeIDE/plugins/com.st.stm32cube.ide.mcu.externaltools.gnu-tools-for-stm32.13.3.rel1.win32_1.0.0.202411081344/tools/bin/../lib/gcc/arm-none-eabi/13.3.1/../../../../arm-none-eabi/lib/thumb/v7e-m+fp/hard\libc_nano.a(libc_a-strlen.o)
                                  0x8 (size before relaxing)
 .ARM.exidx     0x08008ff8        0x0 C:/ST/STM32CubeIDE_1.19.0/STM32CubeIDE/plugins/com.st.stm32cube.ide.mcu.externaltools.gnu-tools-for-stm32.13.3.rel1.win32_1.0.0.202411081344/tools/bin/../lib/gcc/arm-none-eabi/13.3.1/../../../../arm-none-eabi/lib/thumb/v7e-m+fp/hard\libc_nano.a(libc_a-memchr.o)
                                  0x8 (size before relaxing)
 .ARM.exidx     0x08008ff8        0x0 C:/ST/STM32CubeIDE_1.19.0/STM32CubeIDE/plugins/com.st.stm32cube.ide.mcu.externaltools.gnu-tools-for-stm32.13.3.rel1.win32_1.0.0.202411081344/tools/bin/../lib/gcc/arm-none-eabi/13.3.1/thumb/v7e-m+fp/hard\libgcc.a(_udivmoddi4.o)
                                  0x8 (size before relaxing)
                0x08008ff8                        __exidx_end = .
                0x08008ff8                        . = ALIGN (0x4)

.preinit_array  0x08008ff8        0x0
                0x08008ff8                        . = ALIGN (0x4)
                0x08008ff8                        PROVIDE (__preinit_array_start = .)
 *(.preinit_array*)
                0x08008ff8                        PROVIDE (__preinit_array_end = .)
                0x08008ff8                        . = ALIGN (0x4)

.init_array     0x08008ff8        0x4
                0x08008ff8                        . = ALIGN (0x4)
                0x08008ff8                        PROVIDE (__init_array_start = .)
 *(SORT_BY_NAME(.init_array.*))
 *(.init_array*)
 .init_array    0x08008ff8        0x4 C:/ST/STM32CubeIDE_1.19.0/STM32CubeIDE/plugins/com.st.stm32cube.ide.mcu.externaltools.gnu-tools-for-stm32.13.3.rel1.win32_1.0.0.202411081344/tools/bin/../lib/gcc/arm-none-eabi/13.3.1/thumb/v7e-m+fp/hard/crtbegin.o
                0x08008ffc                        PROVIDE (__init_array_end = .)
                0x08008ffc                        . = ALIGN (0x4)

.fini_array     0x08008ffc        0x4
                0x08008ffc                        . = ALIGN (0x4)
                [!provide]                        PROVIDE (__fini_array_start = .)
 *(SORT_BY_NAME(.fini_array.*))
 *(.fini_array*)
 .fini_array    0x08008ffc        0x4 C:/ST/STM32CubeIDE_1.19.0/STM32CubeIDE/plugins/com.st.stm32cube.ide.mcu.externaltools.gnu-tools-for-stm32.13.3.rel1.win32_1.0.0.202411081344/tools/bin/../lib/gcc/arm-none-eabi/13.3.1/thumb/v7e-m+fp/hard/crtbegin.o
                [!provide]                        PROVIDE (__fini_array_end = .)
                0x08009000                        . = ALIGN (0x4)
                0x08009000                        _sidata = LOADADDR (.data)

.rel.dyn        0x08009000        0x0
 .rel.iplt      0x08009000        0x0 C:/ST/STM32CubeIDE_1.19.0/STM32CubeIDE/plugins/com.st.stm32cube.ide.mcu.externaltools.gnu-tools-for-stm32.13.3.rel1.win32_1.0.0.202411081344/tools/bin/../lib/gcc/arm-none-eabi/13.3.1/thumb/v7e-m+fp/hard/crtbegin.o

.data           0x20000000       0x70 load address 0x08009000
                0x20000000                        . = ALIGN (0x4)
                0x20000000                        _sdata = .
 *(.data)
 *(.data*)
 .data.SystemCoreClock
                0x20000000        0x4 ./Core/Src/system_stm32f4xx.o
                0x20000000                SystemCoreClock
 .data.special1
                0x20000004        0x8 ./Drivers/STM32F4xx_HAL_Driver/Src/liquidcrystal_i2c.o
                0x20000004                special1
 .data.special2
                0x2000000c        0x8 ./Drivers/STM32F4xx_HAL_Driver/Src/liquidcrystal_i2c.o
                0x2000000c                special2
 .data.uwTickPrio
                0x20000014        0x4 ./Drivers/STM32F4xx_HAL_Driver/Src/stm32f4xx_hal.o
                0x20000014                uwTickPrio
 .data.uwTickFreq
                0x20000018        0x1 ./Drivers/STM32F4xx_HAL_Driver/Src/stm32f4xx_hal.o
                0x20000018                uwTickFreq
 *fill*         0x20000019        0x3 
 .data.uxCriticalNesting
                0x2000001c        0x4 ./Middlewares/Third_Party/FreeRTOS/Source/portable/GCC/ARM_CM4F/port.o
 .data._impure_ptr
                0x20000020        0x4 C:/ST/STM32CubeIDE_1.19.0/STM32CubeIDE/plugins/com.st.stm32cube.ide.mcu.externaltools.gnu-tools-for-stm32.13.3.rel1.win32_1.0.0.202411081344/tools/bin/../lib/gcc/arm-none-eabi/13.3.1/../../../../arm-none-eabi/lib/thumb/v7e-m+fp/hard\libc_nano.a(libc_a-impure.o)
                0x20000020                _impure_ptr
 .data._impure_data
                0x20000024       0x4c C:/ST/STM32CubeIDE_1.19.0/STM32CubeIDE/plugins/com.st.stm32cube.ide.mcu.externaltools.gnu-tools-for-stm32.13.3.rel1.win32_1.0.0.202411081344/tools/bin/../lib/gcc/arm-none-eabi/13.3.1/../../../../arm-none-eabi/lib/thumb/v7e-m+fp/hard\libc_nano.a(libc_a-impure.o)
                0x20000024                _impure_data
 *(.RamFunc)
 *(.RamFunc*)
                0x20000070                        . = ALIGN (0x4)
                0x20000070                        _edata = .

.igot.plt       0x20000070        0x0 load address 0x08009070
 .igot.plt      0x20000070        0x0 C:/ST/STM32CubeIDE_1.19.0/STM32CubeIDE/plugins/com.st.stm32cube.ide.mcu.externaltools.gnu-tools-for-stm32.13.3.rel1.win32_1.0.0.202411081344/tools/bin/../lib/gcc/arm-none-eabi/13.3.1/thumb/v7e-m+fp/hard/crtbegin.o
                0x20000070                        . = ALIGN (0x4)

.bss            0x20000070     0x4c90 load address 0x08009070
                0x20000070                        _sbss = .
                0x20000070                        __bss_start__ = _sbss
 *(.bss)
 .bss           0x20000070       0x1c C:/ST/STM32CubeIDE_1.19.0/STM32CubeIDE/plugins/com.st.stm32cube.ide.mcu.externaltools.gnu-tools-for-stm32.13.3.rel1.win32_1.0.0.202411081344/tools/bin/../lib/gcc/arm-none-eabi/13.3.1/thumb/v7e-m+fp/hard/crtbegin.o
 *(.bss*)
 .bss.hi2c1     0x2000008c       0x54 ./Core/Src/main.o
                0x2000008c                hi2c1
 .bss.huart2    0x200000e0       0x48 ./Core/Src/main.o
                0x200000e0                huart2
 .bss.UARTIptTaskHandle
                0x20000128        0x4 ./Core/Src/main.o
                0x20000128                UARTIptTaskHandle
 .bss.LCDLine2TaskHandle
                0x2000012c        0x4 ./Core/Src/main.o
                0x2000012c                LCDLine2TaskHandle
 .bss.Red_LEDTaskHandle
                0x20000130        0x4 ./Core/Src/main.o
                0x20000130                Red_LEDTaskHandle
 .bss.Green_LEDTaskHandle
                0x20000134        0x4 ./Core/Src/main.o
                0x20000134                Green_LEDTaskHandle
 .bss.LCDLine1TaskHandle
                0x20000138        0x4 ./Core/Src/main.o
                0x20000138                LCDLine1TaskHandle
 .bss.resetPwordTaskHandle
                0x2000013c        0x4 ./Core/Src/main.o
                0x2000013c                resetPwordTaskHandle
 .bss.myQueue01Handle
                0x20000140        0x4 ./Core/Src/main.o
                0x20000140                myQueue01Handle
 .bss.myMutexHandle
                0x20000144        0x4 ./Core/Src/main.o
                0x20000144                myMutexHandle
 .bss.pwordInFlash.1
                0x20000148        0x6 ./Core/Src/main.o
 *fill*         0x2000014e        0x2 
 .bss.pword.0   0x20000150        0x6 ./Core/Src/main.o
 *fill*         0x20000156        0x2 
 .bss.htim6     0x20000158       0x48 ./Core/Src/stm32f4xx_hal_timebase_tim.o
                0x20000158                htim6
 .bss.__sbrk_heap_end
                0x200001a0        0x4 ./Core/Src/sysmem.o
 .bss.dpFunction
                0x200001a4        0x1 ./Drivers/STM32F4xx_HAL_Driver/Src/liquidcrystal_i2c.o
                0x200001a4                dpFunction
 .bss.dpControl
                0x200001a5        0x1 ./Drivers/STM32F4xx_HAL_Driver/Src/liquidcrystal_i2c.o
                0x200001a5                dpControl
 .bss.dpMode    0x200001a6        0x1 ./Drivers/STM32F4xx_HAL_Driver/Src/liquidcrystal_i2c.o
                0x200001a6                dpMode
 .bss.dpRows    0x200001a7        0x1 ./Drivers/STM32F4xx_HAL_Driver/Src/liquidcrystal_i2c.o
                0x200001a7                dpRows
 .bss.dpBacklight
                0x200001a8        0x1 ./Drivers/STM32F4xx_HAL_Driver/Src/liquidcrystal_i2c.o
                0x200001a8                dpBacklight
 *fill*         0x200001a9        0x3 
 .bss.uwTick    0x200001ac        0x4 ./Drivers/STM32F4xx_HAL_Driver/Src/stm32f4xx_hal.o
                0x200001ac                uwTick
 .bss.pFlash    0x200001b0       0x20 ./Drivers/STM32F4xx_HAL_Driver/Src/stm32f4xx_hal_flash.o
                0x200001b0                pFlash
 .bss.KernelState
                0x200001d0        0x4 ./Middlewares/Third_Party/FreeRTOS/Source/CMSIS_RTOS_V2/cmsis_os2.o
 .bss.Idle_TCB.3
                0x200001d4       0xa8 ./Middlewares/Third_Party/FreeRTOS/Source/CMSIS_RTOS_V2/cmsis_os2.o
 .bss.Idle_Stack.2
                0x2000027c      0x200 ./Middlewares/Third_Party/FreeRTOS/Source/CMSIS_RTOS_V2/cmsis_os2.o
 .bss.Timer_TCB.1
                0x2000047c       0xa8 ./Middlewares/Third_Party/FreeRTOS/Source/CMSIS_RTOS_V2/cmsis_os2.o
 .bss.Timer_Stack.0
                0x20000524      0x400 ./Middlewares/Third_Party/FreeRTOS/Source/CMSIS_RTOS_V2/cmsis_os2.o
 .bss.xQueueRegistry
                0x20000924       0x40 ./Middlewares/Third_Party/FreeRTOS/Source/queue.o
                0x20000924                xQueueRegistry
 .bss.pxCurrentTCB
                0x20000964        0x4 ./Middlewares/Third_Party/FreeRTOS/Source/tasks.o
                0x20000964                pxCurrentTCB
 .bss.pxReadyTasksLists
                0x20000968      0x460 ./Middlewares/Third_Party/FreeRTOS/Source/tasks.o
 .bss.xDelayedTaskList1
                0x20000dc8       0x14 ./Middlewares/Third_Party/FreeRTOS/Source/tasks.o
 .bss.xDelayedTaskList2
                0x20000ddc       0x14 ./Middlewares/Third_Party/FreeRTOS/Source/tasks.o
 .bss.pxDelayedTaskList
                0x20000df0        0x4 ./Middlewares/Third_Party/FreeRTOS/Source/tasks.o
 .bss.pxOverflowDelayedTaskList
                0x20000df4        0x4 ./Middlewares/Third_Party/FreeRTOS/Source/tasks.o
 .bss.xPendingReadyList
                0x20000df8       0x14 ./Middlewares/Third_Party/FreeRTOS/Source/tasks.o
 .bss.xTasksWaitingTermination
                0x20000e0c       0x14 ./Middlewares/Third_Party/FreeRTOS/Source/tasks.o
 .bss.uxDeletedTasksWaitingCleanUp
                0x20000e20        0x4 ./Middlewares/Third_Party/FreeRTOS/Source/tasks.o
 .bss.xSuspendedTaskList
                0x20000e24       0x14 ./Middlewares/Third_Party/FreeRTOS/Source/tasks.o
 .bss.uxCurrentNumberOfTasks
                0x20000e38        0x4 ./Middlewares/Third_Party/FreeRTOS/Source/tasks.o
 .bss.xTickCount
                0x20000e3c        0x4 ./Middlewares/Third_Party/FreeRTOS/Source/tasks.o
 .bss.uxTopReadyPriority
                0x20000e40        0x4 ./Middlewares/Third_Party/FreeRTOS/Source/tasks.o
 .bss.xSchedulerRunning
                0x20000e44        0x4 ./Middlewares/Third_Party/FreeRTOS/Source/tasks.o
 .bss.xPendedTicks
                0x20000e48        0x4 ./Middlewares/Third_Party/FreeRTOS/Source/tasks.o
 .bss.xYieldPending
                0x20000e4c        0x4 ./Middlewares/Third_Party/FreeRTOS/Source/tasks.o
 .bss.xNumOfOverflows
                0x20000e50        0x4 ./Middlewares/Third_Party/FreeRTOS/Source/tasks.o
 .bss.uxTaskNumber
                0x20000e54        0x4 ./Middlewares/Third_Party/FreeRTOS/Source/tasks.o
 .bss.xNextTaskUnblockTime
                0x20000e58        0x4 ./Middlewares/Third_Party/FreeRTOS/Source/tasks.o
 .bss.xIdleTaskHandle
                0x20000e5c        0x4 ./Middlewares/Third_Party/FreeRTOS/Source/tasks.o
 .bss.uxSchedulerSuspended
                0x20000e60        0x4 ./Middlewares/Third_Party/FreeRTOS/Source/tasks.o
 .bss.xActiveTimerList1
                0x20000e64       0x14 ./Middlewares/Third_Party/FreeRTOS/Source/timers.o
 .bss.xActiveTimerList2
                0x20000e78       0x14 ./Middlewares/Third_Party/FreeRTOS/Source/timers.o
 .bss.pxCurrentTimerList
                0x20000e8c        0x4 ./Middlewares/Third_Party/FreeRTOS/Source/timers.o
 .bss.pxOverflowTimerList
                0x20000e90        0x4 ./Middlewares/Third_Party/FreeRTOS/Source/timers.o
 .bss.xTimerQueue
                0x20000e94        0x4 ./Middlewares/Third_Party/FreeRTOS/Source/timers.o
 .bss.xTimerTaskHandle
                0x20000e98        0x4 ./Middlewares/Third_Party/FreeRTOS/Source/timers.o
 .bss.xLastTime.2
                0x20000e9c        0x4 ./Middlewares/Third_Party/FreeRTOS/Source/timers.o
 .bss.ucStaticTimerQueueStorage.1
                0x20000ea0       0xa0 ./Middlewares/Third_Party/FreeRTOS/Source/timers.o
 .bss.xStaticTimerQueue.0
                0x20000f40       0x50 ./Middlewares/Third_Party/FreeRTOS/Source/timers.o
 .bss.ucMaxSysCallPriority
                0x20000f90        0x1 ./Middlewares/Third_Party/FreeRTOS/Source/portable/GCC/ARM_CM4F/port.o
 *fill*         0x20000f91        0x3 
 .bss.ulMaxPRIGROUPValue
                0x20000f94        0x4 ./Middlewares/Third_Party/FreeRTOS/Source/portable/GCC/ARM_CM4F/port.o
 .bss.ucHeap    0x20000f98     0x3c00 ./Middlewares/Third_Party/FreeRTOS/Source/portable/MemMang/heap_4.o
 .bss.xStart    0x20004b98        0x8 ./Middlewares/Third_Party/FreeRTOS/Source/portable/MemMang/heap_4.o
 .bss.pxEnd     0x20004ba0        0x4 ./Middlewares/Third_Party/FreeRTOS/Source/portable/MemMang/heap_4.o
 .bss.xFreeBytesRemaining
                0x20004ba4        0x4 ./Middlewares/Third_Party/FreeRTOS/Source/portable/MemMang/heap_4.o
 .bss.xMinimumEverFreeBytesRemaining
                0x20004ba8        0x4 ./Middlewares/Third_Party/FreeRTOS/Source/portable/MemMang/heap_4.o
 .bss.xNumberOfSuccessfulAllocations
                0x20004bac        0x4 ./Middlewares/Third_Party/FreeRTOS/Source/portable/MemMang/heap_4.o
 .bss.xNumberOfSuccessfulFrees
                0x20004bb0        0x4 ./Middlewares/Third_Party/FreeRTOS/Source/portable/MemMang/heap_4.o
 .bss.xBlockAllocatedBit
                0x20004bb4        0x4 ./Middlewares/Third_Party/FreeRTOS/Source/portable/MemMang/heap_4.o
 .bss.__sf      0x20004bb8      0x138 C:/ST/STM32CubeIDE_1.19.0/STM32CubeIDE/plugins/com.st.stm32cube.ide.mcu.externaltools.gnu-tools-for-stm32.13.3.rel1.win32_1.0.0.202411081344/tools/bin/../lib/gcc/arm-none-eabi/13.3.1/../../../../arm-none-eabi/lib/thumb/v7e-m+fp/hard\libc_nano.a(libc_a-findfp.o)
                0x20004bb8                __sf
 .bss.errno     0x20004cf0        0x4 C:/ST/STM32CubeIDE_1.19.0/STM32CubeIDE/plugins/com.st.stm32cube.ide.mcu.externaltools.gnu-tools-for-stm32.13.3.rel1.win32_1.0.0.202411081344/tools/bin/../lib/gcc/arm-none-eabi/13.3.1/../../../../arm-none-eabi/lib/thumb/v7e-m+fp/hard\libc_nano.a(libc_a-reent.o)
                0x20004cf0                errno
 .bss.__lock___malloc_recursive_mutex
                0x20004cf4        0x1 C:/ST/STM32CubeIDE_1.19.0/STM32CubeIDE/plugins/com.st.stm32cube.ide.mcu.externaltools.gnu-tools-for-stm32.13.3.rel1.win32_1.0.0.202411081344/tools/bin/../lib/gcc/arm-none-eabi/13.3.1/../../../../arm-none-eabi/lib/thumb/v7e-m+fp/hard\libc_nano.a(libc_a-lock.o)
                0x20004cf4                __lock___malloc_recursive_mutex
 *fill*         0x20004cf5        0x3 
 .bss.__malloc_sbrk_start
                0x20004cf8        0x4 C:/ST/STM32CubeIDE_1.19.0/STM32CubeIDE/plugins/com.st.stm32cube.ide.mcu.externaltools.gnu-tools-for-stm32.13.3.rel1.win32_1.0.0.202411081344/tools/bin/../lib/gcc/arm-none-eabi/13.3.1/../../../../arm-none-eabi/lib/thumb/v7e-m+fp/hard\libc_nano.a(libc_a-mallocr.o)
                0x20004cf8                __malloc_sbrk_start
 .bss.__malloc_free_list
                0x20004cfc        0x4 C:/ST/STM32CubeIDE_1.19.0/STM32CubeIDE/plugins/com.st.stm32cube.ide.mcu.externaltools.gnu-tools-for-stm32.13.3.rel1.win32_1.0.0.202411081344/tools/bin/../lib/gcc/arm-none-eabi/13.3.1/../../../../arm-none-eabi/lib/thumb/v7e-m+fp/hard\libc_nano.a(libc_a-mallocr.o)
                0x20004cfc                __malloc_free_list
 *(COMMON)
                0x20004d00                        . = ALIGN (0x4)
                0x20004d00                        _ebss = .
                0x20004d00                        __bss_end__ = _ebss

._user_heap_stack
                0x20004d00      0x600 load address 0x08009070
                0x20004d00                        . = ALIGN (0x8)
                [!provide]                        PROVIDE (end = .)
                0x20004d00                        PROVIDE (_end = .)
                0x20004f00                        . = (. + _Min_Heap_Size)
 *fill*         0x20004d00      0x200 
                0x20005300                        . = (. + _Min_Stack_Size)
 *fill*         0x20004f00      0x400 
                0x20005300                        . = ALIGN (0x8)

/DISCARD/
 libc.a(*)
 libm.a(*)
 libgcc.a(*)

.ARM.attributes
                0x00000000       0x30
 *(.ARM.attributes)
 .ARM.attributes
                0x00000000       0x22 C:/ST/STM32CubeIDE_1.19.0/STM32CubeIDE/plugins/com.st.stm32cube.ide.mcu.externaltools.gnu-tools-for-stm32.13.3.rel1.win32_1.0.0.202411081344/tools/bin/../lib/gcc/arm-none-eabi/13.3.1/thumb/v7e-m+fp/hard/crti.o
 .ARM.attributes
                0x00000022       0x34 C:/ST/STM32CubeIDE_1.19.0/STM32CubeIDE/plugins/com.st.stm32cube.ide.mcu.externaltools.gnu-tools-for-stm32.13.3.rel1.win32_1.0.0.202411081344/tools/bin/../lib/gcc/arm-none-eabi/13.3.1/thumb/v7e-m+fp/hard/crtbegin.o
 .ARM.attributes
                0x00000056       0x34 ./Core/Src/main.o
 .ARM.attributes
                0x0000008a       0x34 ./Core/Src/stm32f4xx_hal_msp.o
 .ARM.attributes
                0x000000be       0x34 ./Core/Src/stm32f4xx_hal_timebase_tim.o
 .ARM.attributes
                0x000000f2       0x34 ./Core/Src/stm32f4xx_it.o
 .ARM.attributes
                0x00000126       0x34 ./Core/Src/sysmem.o
 .ARM.attributes
                0x0000015a       0x34 ./Core/Src/system_stm32f4xx.o
 .ARM.attributes
                0x0000018e       0x21 ./Core/Startup/startup_stm32f446retx.o
 .ARM.attributes
                0x000001af       0x34 ./Drivers/STM32F4xx_HAL_Driver/Src/liquidcrystal_i2c.o
 .ARM.attributes
                0x000001e3       0x34 ./Drivers/STM32F4xx_HAL_Driver/Src/stm32f4xx_hal.o
 .ARM.attributes
                0x00000217       0x34 ./Drivers/STM32F4xx_HAL_Driver/Src/stm32f4xx_hal_cortex.o
 .ARM.attributes
                0x0000024b       0x34 ./Drivers/STM32F4xx_HAL_Driver/Src/stm32f4xx_hal_flash.o
 .ARM.attributes
                0x0000027f       0x34 ./Drivers/STM32F4xx_HAL_Driver/Src/stm32f4xx_hal_flash_ex.o
 .ARM.attributes
                0x000002b3       0x34 ./Drivers/STM32F4xx_HAL_Driver/Src/stm32f4xx_hal_gpio.o
 .ARM.attributes
                0x000002e7       0x34 ./Drivers/STM32F4xx_HAL_Driver/Src/stm32f4xx_hal_i2c.o
 .ARM.attributes
                0x0000031b       0x34 ./Drivers/STM32F4xx_HAL_Driver/Src/stm32f4xx_hal_rcc.o
 .ARM.attributes
                0x0000034f       0x34 ./Drivers/STM32F4xx_HAL_Driver/Src/stm32f4xx_hal_rcc_ex.o
 .ARM.attributes
                0x00000383       0x34 ./Drivers/STM32F4xx_HAL_Driver/Src/stm32f4xx_hal_tim.o
 .ARM.attributes
                0x000003b7       0x34 ./Drivers/STM32F4xx_HAL_Driver/Src/stm32f4xx_hal_tim_ex.o
 .ARM.attributes
                0x000003eb       0x34 ./Drivers/STM32F4xx_HAL_Driver/Src/stm32f4xx_hal_uart.o
 .ARM.attributes
                0x0000041f       0x34 ./Middlewares/Third_Party/FreeRTOS/Source/CMSIS_RTOS_V2/cmsis_os2.o
 .ARM.attributes
                0x00000453       0x34 ./Middlewares/Third_Party/FreeRTOS/Source/list.o
 .ARM.attributes
                0x00000487       0x34 ./Middlewares/Third_Party/FreeRTOS/Source/queue.o
 .ARM.attributes
                0x000004bb       0x34 ./Middlewares/Third_Party/FreeRTOS/Source/tasks.o
 .ARM.attributes
                0x000004ef       0x34 ./Middlewares/Third_Party/FreeRTOS/Source/timers.o
 .ARM.attributes
                0x00000523       0x34 ./Middlewares/Third_Party/FreeRTOS/Source/portable/GCC/ARM_CM4F/port.o
 .ARM.attributes
                0x00000557       0x34 ./Middlewares/Third_Party/FreeRTOS/Source/portable/MemMang/heap_4.o
 .ARM.attributes
                0x0000058b       0x34 C:/ST/STM32CubeIDE_1.19.0/STM32CubeIDE/plugins/com.st.stm32cube.ide.mcu.externaltools.gnu-tools-for-stm32.13.3.rel1.win32_1.0.0.202411081344/tools/bin/../lib/gcc/arm-none-eabi/13.3.1/../../../../arm-none-eabi/lib/thumb/v7e-m+fp/hard\libc_nano.a(libc_a-findfp.o)
 .ARM.attributes
                0x000005bf       0x34 C:/ST/STM32CubeIDE_1.19.0/STM32CubeIDE/plugins/com.st.stm32cube.ide.mcu.externaltools.gnu-tools-for-stm32.13.3.rel1.win32_1.0.0.202411081344/tools/bin/../lib/gcc/arm-none-eabi/13.3.1/../../../../arm-none-eabi/lib/thumb/v7e-m+fp/hard\libc_nano.a(libc_a-sprintf.o)
 .ARM.attributes
                0x000005f3       0x34 C:/ST/STM32CubeIDE_1.19.0/STM32CubeIDE/plugins/com.st.stm32cube.ide.mcu.externaltools.gnu-tools-for-stm32.13.3.rel1.win32_1.0.0.202411081344/tools/bin/../lib/gcc/arm-none-eabi/13.3.1/../../../../arm-none-eabi/lib/thumb/v7e-m+fp/hard\libc_nano.a(libc_a-memset.o)
 .ARM.attributes
                0x00000627       0x34 C:/ST/STM32CubeIDE_1.19.0/STM32CubeIDE/plugins/com.st.stm32cube.ide.mcu.externaltools.gnu-tools-for-stm32.13.3.rel1.win32_1.0.0.202411081344/tools/bin/../lib/gcc/arm-none-eabi/13.3.1/../../../../arm-none-eabi/lib/thumb/v7e-m+fp/hard\libc_nano.a(libc_a-reent.o)
 .ARM.attributes
                0x0000065b       0x34 C:/ST/STM32CubeIDE_1.19.0/STM32CubeIDE/plugins/com.st.stm32cube.ide.mcu.externaltools.gnu-tools-for-stm32.13.3.rel1.win32_1.0.0.202411081344/tools/bin/../lib/gcc/arm-none-eabi/13.3.1/../../../../arm-none-eabi/lib/thumb/v7e-m+fp/hard\libc_nano.a(libc_a-impure.o)
 .ARM.attributes
                0x0000068f       0x34 C:/ST/STM32CubeIDE_1.19.0/STM32CubeIDE/plugins/com.st.stm32cube.ide.mcu.externaltools.gnu-tools-for-stm32.13.3.rel1.win32_1.0.0.202411081344/tools/bin/../lib/gcc/arm-none-eabi/13.3.1/../../../../arm-none-eabi/lib/thumb/v7e-m+fp/hard\libc_nano.a(libc_a-errno.o)
 .ARM.attributes
                0x000006c3       0x34 C:/ST/STM32CubeIDE_1.19.0/STM32CubeIDE/plugins/com.st.stm32cube.ide.mcu.externaltools.gnu-tools-for-stm32.13.3.rel1.win32_1.0.0.202411081344/tools/bin/../lib/gcc/arm-none-eabi/13.3.1/../../../../arm-none-eabi/lib/thumb/v7e-m+fp/hard\libc_nano.a(libc_a-init.o)
 .ARM.attributes
                0x000006f7       0x34 C:/ST/STM32CubeIDE_1.19.0/STM32CubeIDE/plugins/com.st.stm32cube.ide.mcu.externaltools.gnu-tools-for-stm32.13.3.rel1.win32_1.0.0.202411081344/tools/bin/../lib/gcc/arm-none-eabi/13.3.1/../../../../arm-none-eabi/lib/thumb/v7e-m+fp/hard\libc_nano.a(libc_a-lock.o)
 .ARM.attributes
                0x0000072b       0x20 C:/ST/STM32CubeIDE_1.19.0/STM32CubeIDE/plugins/com.st.stm32cube.ide.mcu.externaltools.gnu-tools-for-stm32.13.3.rel1.win32_1.0.0.202411081344/tools/bin/../lib/gcc/arm-none-eabi/13.3.1/../../../../arm-none-eabi/lib/thumb/v7e-m+fp/hard\libc_nano.a(libc_a-strcmp.o)
 .ARM.attributes
                0x0000074b       0x34 C:/ST/STM32CubeIDE_1.19.0/STM32CubeIDE/plugins/com.st.stm32cube.ide.mcu.externaltools.gnu-tools-for-stm32.13.3.rel1.win32_1.0.0.202411081344/tools/bin/../lib/gcc/arm-none-eabi/13.3.1/../../../../arm-none-eabi/lib/thumb/v7e-m+fp/hard\libc_nano.a(libc_a-strcpy.o)
 .ARM.attributes
                0x0000077f       0x34 C:/ST/STM32CubeIDE_1.19.0/STM32CubeIDE/plugins/com.st.stm32cube.ide.mcu.externaltools.gnu-tools-for-stm32.13.3.rel1.win32_1.0.0.202411081344/tools/bin/../lib/gcc/arm-none-eabi/13.3.1/../../../../arm-none-eabi/lib/thumb/v7e-m+fp/hard\libc_nano.a(libc_a-memcpy-stub.o)
 .ARM.attributes
                0x000007b3       0x17 C:/ST/STM32CubeIDE_1.19.0/STM32CubeIDE/plugins/com.st.stm32cube.ide.mcu.externaltools.gnu-tools-for-stm32.13.3.rel1.win32_1.0.0.202411081344/tools/bin/../lib/gcc/arm-none-eabi/13.3.1/../../../../arm-none-eabi/lib/thumb/v7e-m+fp/hard\libc_nano.a(libc_a-strlen.o)
 .ARM.attributes
                0x000007ca       0x34 C:/ST/STM32CubeIDE_1.19.0/STM32CubeIDE/plugins/com.st.stm32cube.ide.mcu.externaltools.gnu-tools-for-stm32.13.3.rel1.win32_1.0.0.202411081344/tools/bin/../lib/gcc/arm-none-eabi/13.3.1/../../../../arm-none-eabi/lib/thumb/v7e-m+fp/hard\libc_nano.a(libc_a-freer.o)
 .ARM.attributes
                0x000007fe       0x34 C:/ST/STM32CubeIDE_1.19.0/STM32CubeIDE/plugins/com.st.stm32cube.ide.mcu.externaltools.gnu-tools-for-stm32.13.3.rel1.win32_1.0.0.202411081344/tools/bin/../lib/gcc/arm-none-eabi/13.3.1/../../../../arm-none-eabi/lib/thumb/v7e-m+fp/hard\libc_nano.a(libc_a-mallocr.o)
 .ARM.attributes
                0x00000832       0x34 C:/ST/STM32CubeIDE_1.19.0/STM32CubeIDE/plugins/com.st.stm32cube.ide.mcu.externaltools.gnu-tools-for-stm32.13.3.rel1.win32_1.0.0.202411081344/tools/bin/../lib/gcc/arm-none-eabi/13.3.1/../../../../arm-none-eabi/lib/thumb/v7e-m+fp/hard\libc_nano.a(libc_a-mlock.o)
 .ARM.attributes
                0x00000866       0x34 C:/ST/STM32CubeIDE_1.19.0/STM32CubeIDE/plugins/com.st.stm32cube.ide.mcu.externaltools.gnu-tools-for-stm32.13.3.rel1.win32_1.0.0.202411081344/tools/bin/../lib/gcc/arm-none-eabi/13.3.1/../../../../arm-none-eabi/lib/thumb/v7e-m+fp/hard\libc_nano.a(libc_a-nano-svfprintf.o)
 .ARM.attributes
                0x0000089a       0x34 C:/ST/STM32CubeIDE_1.19.0/STM32CubeIDE/plugins/com.st.stm32cube.ide.mcu.externaltools.gnu-tools-for-stm32.13.3.rel1.win32_1.0.0.202411081344/tools/bin/../lib/gcc/arm-none-eabi/13.3.1/../../../../arm-none-eabi/lib/thumb/v7e-m+fp/hard\libc_nano.a(libc_a-nano-vfprintf_i.o)
 .ARM.attributes
                0x000008ce       0x34 C:/ST/STM32CubeIDE_1.19.0/STM32CubeIDE/plugins/com.st.stm32cube.ide.mcu.externaltools.gnu-tools-for-stm32.13.3.rel1.win32_1.0.0.202411081344/tools/bin/../lib/gcc/arm-none-eabi/13.3.1/../../../../arm-none-eabi/lib/thumb/v7e-m+fp/hard\libc_nano.a(libc_a-memmove.o)
 .ARM.attributes
                0x00000902       0x34 C:/ST/STM32CubeIDE_1.19.0/STM32CubeIDE/plugins/com.st.stm32cube.ide.mcu.externaltools.gnu-tools-for-stm32.13.3.rel1.win32_1.0.0.202411081344/tools/bin/../lib/gcc/arm-none-eabi/13.3.1/../../../../arm-none-eabi/lib/thumb/v7e-m+fp/hard\libc_nano.a(libc_a-sbrkr.o)
 .ARM.attributes
                0x00000936       0x1c C:/ST/STM32CubeIDE_1.19.0/STM32CubeIDE/plugins/com.st.stm32cube.ide.mcu.externaltools.gnu-tools-for-stm32.13.3.rel1.win32_1.0.0.202411081344/tools/bin/../lib/gcc/arm-none-eabi/13.3.1/../../../../arm-none-eabi/lib/thumb/v7e-m+fp/hard\libc_nano.a(libc_a-memchr.o)
 .ARM.attributes
                0x00000952       0x34 C:/ST/STM32CubeIDE_1.19.0/STM32CubeIDE/plugins/com.st.stm32cube.ide.mcu.externaltools.gnu-tools-for-stm32.13.3.rel1.win32_1.0.0.202411081344/tools/bin/../lib/gcc/arm-none-eabi/13.3.1/../../../../arm-none-eabi/lib/thumb/v7e-m+fp/hard\libc_nano.a(libc_a-reallocr.o)
 .ARM.attributes
                0x00000986       0x34 C:/ST/STM32CubeIDE_1.19.0/STM32CubeIDE/plugins/com.st.stm32cube.ide.mcu.externaltools.gnu-tools-for-stm32.13.3.rel1.win32_1.0.0.202411081344/tools/bin/../lib/gcc/arm-none-eabi/13.3.1/../../../../arm-none-eabi/lib/thumb/v7e-m+fp/hard\libc_nano.a(libc_a-msizer.o)
 .ARM.attributes
                0x000009ba       0x22 C:/ST/STM32CubeIDE_1.19.0/STM32CubeIDE/plugins/com.st.stm32cube.ide.mcu.externaltools.gnu-tools-for-stm32.13.3.rel1.win32_1.0.0.202411081344/tools/bin/../lib/gcc/arm-none-eabi/13.3.1/thumb/v7e-m+fp/hard\libgcc.a(_aeabi_uldivmod.o)
 .ARM.attributes
                0x000009dc       0x34 C:/ST/STM32CubeIDE_1.19.0/STM32CubeIDE/plugins/com.st.stm32cube.ide.mcu.externaltools.gnu-tools-for-stm32.13.3.rel1.win32_1.0.0.202411081344/tools/bin/../lib/gcc/arm-none-eabi/13.3.1/thumb/v7e-m+fp/hard\libgcc.a(_udivmoddi4.o)
 .ARM.attributes
                0x00000a10       0x22 C:/ST/STM32CubeIDE_1.19.0/STM32CubeIDE/plugins/com.st.stm32cube.ide.mcu.externaltools.gnu-tools-for-stm32.13.3.rel1.win32_1.0.0.202411081344/tools/bin/../lib/gcc/arm-none-eabi/13.3.1/thumb/v7e-m+fp/hard\libgcc.a(_dvmd_tls.o)
 .ARM.attributes
                0x00000a32       0x22 C:/ST/STM32CubeIDE_1.19.0/STM32CubeIDE/plugins/com.st.stm32cube.ide.mcu.externaltools.gnu-tools-for-stm32.13.3.rel1.win32_1.0.0.202411081344/tools/bin/../lib/gcc/arm-none-eabi/13.3.1/thumb/v7e-m+fp/hard/crtn.o
OUTPUT(AlarmSystem.elf elf32-littlearm)
LOAD linker stubs
LOAD C:/ST/STM32CubeIDE_1.19.0/STM32CubeIDE/plugins/com.st.stm32cube.ide.mcu.externaltools.gnu-tools-for-stm32.13.3.rel1.win32_1.0.0.202411081344/tools/bin/../lib/gcc/arm-none-eabi/13.3.1/../../../../arm-none-eabi/lib/thumb/v7e-m+fp/hard\libc.a
LOAD C:/ST/STM32CubeIDE_1.19.0/STM32CubeIDE/plugins/com.st.stm32cube.ide.mcu.externaltools.gnu-tools-for-stm32.13.3.rel1.win32_1.0.0.202411081344/tools/bin/../lib/gcc/arm-none-eabi/13.3.1/../../../../arm-none-eabi/lib/thumb/v7e-m+fp/hard\libm.a
LOAD C:/ST/STM32CubeIDE_1.19.0/STM32CubeIDE/plugins/com.st.stm32cube.ide.mcu.externaltools.gnu-tools-for-stm32.13.3.rel1.win32_1.0.0.202411081344/tools/bin/../lib/gcc/arm-none-eabi/13.3.1/thumb/v7e-m+fp/hard\libgcc.a

.debug_info     0x00000000    0x1d48d
 .debug_info    0x00000000     0x2269 ./Core/Src/main.o
 .debug_info    0x00002269      0xea8 ./Core/Src/stm32f4xx_hal_msp.o
 .debug_info    0x00003111      0xc44 ./Core/Src/stm32f4xx_hal_timebase_tim.o
 .debug_info    0x00003d55      0x6e3 ./Core/Src/stm32f4xx_it.o
 .debug_info    0x00004438      0x168 ./Core/Src/sysmem.o
 .debug_info    0x000045a0      0x54a ./Core/Src/system_stm32f4xx.o
 .debug_info    0x00004aea       0x30 ./Core/Startup/startup_stm32f446retx.o
 .debug_info    0x00004b1a      0xc72 ./Drivers/STM32F4xx_HAL_Driver/Src/liquidcrystal_i2c.o
 .debug_info    0x0000578c      0x99a ./Drivers/STM32F4xx_HAL_Driver/Src/stm32f4xx_hal.o
 .debug_info    0x00006126      0xdaa ./Drivers/STM32F4xx_HAL_Driver/Src/stm32f4xx_hal_cortex.o
 .debug_info    0x00006ed0      0x57d ./Drivers/STM32F4xx_HAL_Driver/Src/stm32f4xx_hal_flash.o
 .debug_info    0x0000744d      0x7db ./Drivers/STM32F4xx_HAL_Driver/Src/stm32f4xx_hal_flash_ex.o
 .debug_info    0x00007c28      0x70b ./Drivers/STM32F4xx_HAL_Driver/Src/stm32f4xx_hal_gpio.o
 .debug_info    0x00008333     0x2421 ./Drivers/STM32F4xx_HAL_Driver/Src/stm32f4xx_hal_i2c.o
 .debug_info    0x0000a754      0x8ff ./Drivers/STM32F4xx_HAL_Driver/Src/stm32f4xx_hal_rcc.o
 .debug_info    0x0000b053      0x960 ./Drivers/STM32F4xx_HAL_Driver/Src/stm32f4xx_hal_rcc_ex.o
 .debug_info    0x0000b9b3     0x299d ./Drivers/STM32F4xx_HAL_Driver/Src/stm32f4xx_hal_tim.o
 .debug_info    0x0000e350     0x14db ./Drivers/STM32F4xx_HAL_Driver/Src/stm32f4xx_hal_tim_ex.o
 .debug_info    0x0000f82b     0x2f4f ./Drivers/STM32F4xx_HAL_Driver/Src/stm32f4xx_hal_uart.o
 .debug_info    0x0001277a     0x4127 ./Middlewares/Third_Party/FreeRTOS/Source/CMSIS_RTOS_V2/cmsis_os2.o
 .debug_info    0x000168a1      0x2af ./Middlewares/Third_Party/FreeRTOS/Source/list.o
 .debug_info    0x00016b50     0x1b79 ./Middlewares/Third_Party/FreeRTOS/Source/queue.o
 .debug_info    0x000186c9     0x28c1 ./Middlewares/Third_Party/FreeRTOS/Source/tasks.o
 .debug_info    0x0001af8a     0x1b50 ./Middlewares/Third_Party/FreeRTOS/Source/timers.o
 .debug_info    0x0001cada      0x4de ./Middlewares/Third_Party/FreeRTOS/Source/portable/GCC/ARM_CM4F/port.o
 .debug_info    0x0001cfb8      0x4d5 ./Middlewares/Third_Party/FreeRTOS/Source/portable/MemMang/heap_4.o

.debug_abbrev   0x00000000     0x3fb5
 .debug_abbrev  0x00000000      0x451 ./Core/Src/main.o
 .debug_abbrev  0x00000451      0x1ca ./Core/Src/stm32f4xx_hal_msp.o
 .debug_abbrev  0x0000061b      0x1f4 ./Core/Src/stm32f4xx_hal_timebase_tim.o
 .debug_abbrev  0x0000080f      0x194 ./Core/Src/stm32f4xx_it.o
 .debug_abbrev  0x000009a3       0xbc ./Core/Src/sysmem.o
 .debug_abbrev  0x00000a5f      0x11a ./Core/Src/system_stm32f4xx.o
 .debug_abbrev  0x00000b79       0x24 ./Core/Startup/startup_stm32f446retx.o
 .debug_abbrev  0x00000b9d      0x2cb ./Drivers/STM32F4xx_HAL_Driver/Src/liquidcrystal_i2c.o
 .debug_abbrev  0x00000e68      0x214 ./Drivers/STM32F4xx_HAL_Driver/Src/stm32f4xx_hal.o
 .debug_abbrev  0x0000107c      0x31d ./Drivers/STM32F4xx_HAL_Driver/Src/stm32f4xx_hal_cortex.o
 .debug_abbrev  0x00001399      0x28c ./Drivers/STM32F4xx_HAL_Driver/Src/stm32f4xx_hal_flash.o
 .debug_abbrev  0x00001625      0x26c ./Drivers/STM32F4xx_HAL_Driver/Src/stm32f4xx_hal_flash_ex.o
 .debug_abbrev  0x00001891      0x1d4 ./Drivers/STM32F4xx_HAL_Driver/Src/stm32f4xx_hal_gpio.o
 .debug_abbrev  0x00001a65      0x2ad ./Drivers/STM32F4xx_HAL_Driver/Src/stm32f4xx_hal_i2c.o
 .debug_abbrev  0x00001d12      0x2b7 ./Drivers/STM32F4xx_HAL_Driver/Src/stm32f4xx_hal_rcc.o
 .debug_abbrev  0x00001fc9      0x211 ./Drivers/STM32F4xx_HAL_Driver/Src/stm32f4xx_hal_rcc_ex.o
 .debug_abbrev  0x000021da      0x278 ./Drivers/STM32F4xx_HAL_Driver/Src/stm32f4xx_hal_tim.o
 .debug_abbrev  0x00002452      0x283 ./Drivers/STM32F4xx_HAL_Driver/Src/stm32f4xx_hal_tim_ex.o
 .debug_abbrev  0x000026d5      0x30e ./Drivers/STM32F4xx_HAL_Driver/Src/stm32f4xx_hal_uart.o