../Core/Src/main.c:133:6:HAL_GPIO_EXTI_Callback	32	static,ignoring_inline_asm
../Core/Src/main.c:141:6:ASCIItoChar	16	static
../Core/Src/main.c:150:6:Write_to_Flash	56	static
../Core/Src/main.c:181:7:Read_from_Flash	80	static
../Core/Src/main.c:221:5:main	8	static
../Core/Src/main.c:325:6:SystemClock_Config	88	static
../Core/Src/main.c:373:13:MX_I2C1_Init	8	static
../Core/Src/main.c:407:13:MX_USART2_UART_Init	8	static
../Core/Src/main.c:440:13:MX_GPIO_Init	48	static
../Core/Src/main.c:513:7:keyPressHandler	16	static
../Core/Src/main.c:557:9:readKeypadChar	16	static
../Core/Src/main.c:652:6:StartUARTIptTask	24	static
../Core/Src/main.c:680:6:Write_To_LCD	48	dynamic
../Core/Src/main.c:694:6:Clear_LCD_Line2Screen	16	static
../Core/Src/main.c:714:6:StartLCDLine2Task	96	static
../Core/Src/main.c:815:6:StartRED_LEDTask	24	static
../Core/Src/main.c:841:6:StartGreen_LEDTask	24	static
../Core/Src/main.c:871:6:StartLCDLine1Task	24	static
../Core/Src/main.c:929:6:StartResetPwordTask	24	static
../Core/Src/main.c:961:6:HAL_TIM_PeriodElapsedCallback	16	static
../Core/Src/main.c:979:6:Error_Handler	4	static,ignoring_inline_asm
